<html>
<body>
<pre>
<h1>µVision Build Log</h1>
<h2>Tool Versions:</h2>
IDE-Version: ¦ÌVision V5.12.0.0
Copyright (C) 2014 ARM Ltd and ARM Germany GmbH. All rights reserved.
License Information: guo Microsoft, Microsoft, LIC=LJWII-TPLDG-REBH3-A7LBY-2EWBV-ECH1L
 
Tool Versions:
Toolchain:       MDK-ARM Professional  Version: 5.12.0.0
Toolchain Path:  C:\Keil_v5\ARM\ARMCC\Bin
C Compiler:      Armcc.exe V5.05 (build 41)
Assembler:       Armasm.exe V5.05 (build 41)
Linker/Locator:  ArmLink.exe V5.05 (build 41)
Library Manager: ArmAr.exe V5.05 (build 41)
Hex Converter:   FromElf.exe V5.05 (build 41)
CPU DLL:         SARMCM3.DLL V5.12.0.0
Dialog DLL:      DCM.DLL V1.13.0.0
    Target DLL: STLink\ST-LINKIII-KEIL_SWO.dll
Dialog DLL:      TCM.DLL V1.14.2.0
 
<h2>Project:</h2>
F:\GoKit\gokit-mcu-hw2\RVMDK\Project.uvprojx
Project File Date:  09/07/2015

<h2>Output:</h2>
Rebuild target 'GoKit'
compiling main.c...
compiling stm32f10x_it.c...
compiling delay.c...
compiling sa_gpio.c...
compiling RTC.c...
compiling hal_rgb_led.c...
compiling hal_uart.c...
compiling hal_key.c...
compiling Hal_led.c...
compiling hal_motor.c...
compiling hal_temp_hum.c...
compiling hal_infrared.c...
compiling Hal_OLED.c...
compiling AsciiLib.c...
compiling hal_relay.c...
compiling Protocol.c...
compiling core_cm3.c...
compiling system_stm32f10x.c...
assembling startup_stm32f10x_md.s...
compiling misc.c...
compiling stm32f10x_adc.c...
compiling stm32f10x_bkp.c...
compiling stm32f10x_can.c...
compiling stm32f10x_crc.c...
compiling stm32f10x_dac.c...
compiling stm32f10x_dbgmcu.c...
compiling stm32f10x_dma.c...
compiling stm32f10x_exti.c...
compiling stm32f10x_flash.c...
compiling stm32f10x_fsmc.c...
compiling stm32f10x_gpio.c...
compiling stm32f10x_i2c.c...
compiling stm32f10x_iwdg.c...
compiling stm32f10x_pwr.c...
compiling stm32f10x_rcc.c...
compiling stm32f10x_rtc.c...
compiling stm32f10x_sdio.c...
compiling stm32f10x_spi.c...
compiling stm32f10x_tim.c...
compiling stm32f10x_usart.c...
compiling stm32f10x_wwdg.c...
linking...
Program Size: Code=20550 RO-data=4590 RW-data=64 ZI-data=2752  
FromELF: creating hex file...
After Build - User command #1: fromelf --bin .\Obj\Project.axf  --output ..\Output\Project.bin
".\Obj\Project.axf": Error: Q0122E: Could not open file '.\Obj\Project.axf': No such file or directory
Finished: 0 information, 0 warning and 1 error messages.
".\Obj\Gokit.axf" - 0 Error(s), 0 Warning(s).

<h2>Collection of Component include folders:</h2>
  F:\GoKit\gokit-mcu-hw2\RVMDK\RTE
  C:\Keil_v5\ARM\PACK\Keil\STM32F1xx_DFP\1.1.0\Device\Include

<h2>Collection of Component Files used:</h2>
</pre>
</body>
</html>
