Component: ARM Compiler 5.05 (build 41) Tool: armlink [4d0eb9]

==============================================================================

Section Cross References

    main.o(.text) refers to printf8.o(i.__0printf$8) for __2printf
    main.o(.text) refers to memseta.o(.text) for __aeabi_memclr
    main.o(.text) refers to protocol.o(.text) for exchangeBytes
    main.o(.text) refers to memcpya.o(.text) for __aeabi_memcpy
    main.o(.text) refers to stm32f10x_rcc.o(.text) for RCC_GetSYSCLKSource
    main.o(.text) refers to rtc.o(.text) for Printf_TimeDisplay
    main.o(.text) refers to hal_rgb_led.o(.text) for RGB_LED_Init
    main.o(.text) refers to hal_led.o(.text) for LED_GPIO_Init
    main.o(.text) refers to hal_key.o(.text) for TIM3_Int_Init
    main.o(.text) refers to hal_motor.o(.text) for Motor_Init
    main.o(.text) refers to delay.o(.text) for Delay_Init
    main.o(.text) refers to hal_temp_hum.o(.text) for DHT11_Init
    main.o(.text) refers to hal_infrared.o(.text) for IR_Init
    main.o(.text) refers to hal_oled.o(.text) for OLED_Init
    main.o(.text) refers to memcmp.o(.text) for memcmp
    main.o(.text) refers to system_stm32f10x.o(.text) for SystemInit
    main.o(.text) refers to hal_uart.o(.text) for UARTx_Init
    main.o(.text) refers to main.o(.bss) for UART_HandleStruct
    main.o(.text) refers to main.o(.data) for Device_WirteStruct
    main.o(.text) refers to main.o(.conststring) for .conststring
    main.o(.text) refers to asciilib.o(.constdata) for BMP1
    stm32f10x_it.o(.text) refers to stm32f10x_usart.o(.text) for USART_GetITStatus
    stm32f10x_it.o(.text) refers to stm32f10x_tim.o(.text) for TIM_GetITStatus
    stm32f10x_it.o(.text) refers to stm32f10x_rtc.o(.text) for RTC_GetITStatus
    stm32f10x_it.o(.text) refers to printf8.o(i.__0printf$8) for __2printf
    stm32f10x_it.o(.text) refers to stm32f10x_gpio.o(.text) for GPIO_ReadInputDataBit
    stm32f10x_it.o(.text) refers to protocol.o(.text) for Pro_D2W_ReportDevStatusHandle
    stm32f10x_it.o(.text) refers to stm32f10x_exti.o(.text) for EXTI_ClearITPendingBit
    stm32f10x_it.o(.text) refers to core_cm3.o(.emb_text) for __get_PSP
    stm32f10x_it.o(.text) refers to main.o(.bss) for UART_HandleStruct
    stm32f10x_it.o(.text) refers to main.o(.data) for SystemTimeCount
    stm32f10x_it.o(.text) refers to hal_key.o(.data) for KeyCountTime
    delay.o(.text) refers to misc.o(.text) for SysTick_CLKSourceConfig
    delay.o(.text) refers to delay.o(.data) for fac_us
    sa_gpio.o(.text) refers to stm32f10x_rcc.o(.text) for RCC_APB2PeriphClockCmd
    sa_gpio.o(.text) refers to stm32f10x_gpio.o(.text) for GPIO_Init
    rtc.o(.text) refers to localtime_w.o(.text) for localtime
    rtc.o(.text) refers to memcpya.o(.text) for __aeabi_memcpy4
    rtc.o(.text) refers to mktime.o(.text) for mktime
    rtc.o(.text) refers to stm32f10x_rtc.o(.text) for RTC_GetCounter
    rtc.o(.text) refers to misc.o(.text) for NVIC_PriorityGroupConfig
    rtc.o(.text) refers to stm32f10x_rcc.o(.text) for RCC_APB1PeriphClockCmd
    rtc.o(.text) refers to stm32f10x_pwr.o(.text) for PWR_BackupAccessCmd
    rtc.o(.text) refers to stm32f10x_bkp.o(.text) for BKP_DeInit
    rtc.o(.text) refers to memseta.o(.text) for __aeabi_memclr4
    rtc.o(.text) refers to printf8.o(i.__0printf$8) for __2printf
    hal_rgb_led.o(.text) refers to stm32f10x_gpio.o(.text) for GPIO_ResetBits
    hal_rgb_led.o(.text) refers to stm32f10x_rcc.o(.text) for RCC_APB2PeriphClockCmd
    hal_uart.o(.text) refers to stm32f10x_rcc.o(.text) for RCC_APB2PeriphClockCmd
    hal_uart.o(.text) refers to stm32f10x_gpio.o(.text) for GPIO_Init
    hal_uart.o(.text) refers to stm32f10x_usart.o(.text) for USART_Init
    hal_uart.o(.text) refers to misc.o(.text) for NVIC_Init
    hal_key.o(.text) refers to stm32f10x_rcc.o(.text) for RCC_APB2PeriphClockCmd
    hal_key.o(.text) refers to stm32f10x_gpio.o(.text) for GPIO_Init
    hal_key.o(.text) refers to stm32f10x_tim.o(.text) for TIM_TimeBaseInit
    hal_key.o(.text) refers to misc.o(.text) for NVIC_Init
    hal_key.o(.text) refers to hal_rgb_led.o(.text) for LED_RGB_Control
    hal_key.o(.text) refers to protocol.o(.text) for CheckSum
    hal_key.o(.text) refers to printf8.o(i.__0printf$8) for __2printf
    hal_key.o(.text) refers to hal_motor.o(.text) for Motor_status
    hal_key.o(.text) refers to hal_temp_hum.o(.text) for DHT11_Read_Data
    hal_key.o(.text) refers to hal_key.o(.data) for KeyCountTime
    hal_key.o(.text) refers to main.o(.data) for Device_WirteStruct
    hal_key.o(.text) refers to main.o(.bss) for Pro_M2WResetCmdStruct
    hal_led.o(.text) refers to stm32f10x_gpio.o(.text) for GPIO_ResetBits
    hal_led.o(.text) refers to stm32f10x_rcc.o(.text) for RCC_APB2PeriphClockCmd
    hal_motor.o(.text) refers to stm32f10x_rcc.o(.text) for RCC_APB2PeriphClockCmd
    hal_motor.o(.text) refers to stm32f10x_gpio.o(.text) for GPIO_PinRemapConfig
    hal_motor.o(.text) refers to stm32f10x_tim.o(.text) for TIM_OC1Init
[...]
    printf3.o(i.__0sprintf$3) refers to printf3.o(i._sputc) for _sputc
    printf3.o(i.__0vfprintf$3) refers to printf3.o(i._printf_core) for _printf_core
    printf3.o(i.__0vfprintf$3) refers to hal_uart.o(.text) for fputc
    printf3.o(i.__0vprintf$3) refers to printf3.o(i._printf_core) for _printf_core
    printf3.o(i.__0vprintf$3) refers to hal_uart.o(.text) for fputc
    printf3.o(i.__0vprintf$3) refers to hal_uart.o(.data) for __stdout
    printf3.o(i.__0vsnprintf$3) refers to printf3.o(i._printf_core) for _printf_core
    printf3.o(i.__0vsnprintf$3) refers to printf3.o(i._snputc) for _snputc
    printf3.o(i.__0vsprintf$3) refers to printf3.o(i._printf_core) for _printf_core
    printf3.o(i.__0vsprintf$3) refers to printf3.o(i._sputc) for _sputc
    printf3.o(i._printf_core) refers to uidiv.o(.text) for __aeabi_uidivmod
    printf4.o(i.__0fprintf$4) refers to printf4.o(i._printf_core) for _printf_core
    printf4.o(i.__0fprintf$4) refers to hal_uart.o(.text) for fputc
    printf4.o(i.__0printf$4) refers to printf4.o(i._printf_core) for _printf_core
    printf4.o(i.__0printf$4) refers to hal_uart.o(.text) for fputc
    printf4.o(i.__0printf$4) refers to hal_uart.o(.data) for __stdout
    printf4.o(i.__0snprintf$4) refers to printf4.o(i._printf_core) for _printf_core
    printf4.o(i.__0snprintf$4) refers to printf4.o(i._snputc) for _snputc
    printf4.o(i.__0sprintf$4) refers to printf4.o(i._printf_core) for _printf_core
    printf4.o(i.__0sprintf$4) refers to printf4.o(i._sputc) for _sputc
    printf4.o(i.__0vfprintf$4) refers to printf4.o(i._printf_core) for _printf_core
    printf4.o(i.__0vfprintf$4) refers to hal_uart.o(.text) for fputc
    printf4.o(i.__0vprintf$4) refers to printf4.o(i._printf_core) for _printf_core
    printf4.o(i.__0vprintf$4) refers to hal_uart.o(.text) for fputc
    printf4.o(i.__0vprintf$4) refers to hal_uart.o(.data) for __stdout
    printf4.o(i.__0vsnprintf$4) refers to printf4.o(i._printf_core) for _printf_core
    printf4.o(i.__0vsnprintf$4) refers to printf4.o(i._snputc) for _snputc
    printf4.o(i.__0vsprintf$4) refers to printf4.o(i._printf_core) for _printf_core
    printf4.o(i.__0vsprintf$4) refers to printf4.o(i._sputc) for _sputc
    printf4.o(i._printf_core) refers to uldiv.o(.text) for __aeabi_uldivmod
    printf5.o(i.__0fprintf$5) refers to printf5.o(i._printf_core) for _printf_core
    printf5.o(i.__0fprintf$5) refers to hal_uart.o(.text) for fputc
    printf5.o(i.__0printf$5) refers to printf5.o(i._printf_core) for _printf_core
    printf5.o(i.__0printf$5) refers to hal_uart.o(.text) for fputc
    printf5.o(i.__0printf$5) refers to hal_uart.o(.data) for __stdout
    printf5.o(i.__0snprintf$5) refers to printf5.o(i._printf_core) for _printf_core
    printf5.o(i.__0snprintf$5) refers to printf5.o(i._snputc) for _snputc
    printf5.o(i.__0sprintf$5) refers to printf5.o(i._printf_core) for _printf_core
    printf5.o(i.__0sprintf$5) refers to printf5.o(i._sputc) for _sputc
    printf5.o(i.__0vfprintf$5) refers to printf5.o(i._printf_core) for _printf_core
    printf5.o(i.__0vfprintf$5) refers to hal_uart.o(.text) for fputc
    printf5.o(i.__0vprintf$5) refers to printf5.o(i._printf_core) for _printf_core
    printf5.o(i.__0vprintf$5) refers to hal_uart.o(.text) for fputc
    printf5.o(i.__0vprintf$5) refers to hal_uart.o(.data) for __stdout
    printf5.o(i.__0vsnprintf$5) refers to printf5.o(i._printf_core) for _printf_core
    printf5.o(i.__0vsnprintf$5) refers to printf5.o(i._snputc) for _snputc
    printf5.o(i.__0vsprintf$5) refers to printf5.o(i._printf_core) for _printf_core
    printf5.o(i.__0vsprintf$5) refers to printf5.o(i._sputc) for _sputc
    printf5.o(i._printf_core) refers to uldiv.o(.text) for __aeabi_uldivmod
    printf6.o(i.__0fprintf$6) refers to printf6.o(i._printf_core) for _printf_core
    printf6.o(i.__0fprintf$6) refers to hal_uart.o(.text) for fputc
    printf6.o(i.__0printf$6) refers to printf6.o(i._printf_core) for _printf_core
    printf6.o(i.__0printf$6) refers to hal_uart.o(.text) for fputc
    printf6.o(i.__0printf$6) refers to hal_uart.o(.data) for __stdout
    printf6.o(i.__0snprintf$6) refers to printf6.o(i._printf_core) for _printf_core
    printf6.o(i.__0snprintf$6) refers to printf6.o(i._snputc) for _snputc
    printf6.o(i.__0sprintf$6) refers to printf6.o(i._printf_core) for _printf_core
    printf6.o(i.__0sprintf$6) refers to printf6.o(i._sputc) for _sputc
    printf6.o(i.__0vfprintf$6) refers to printf6.o(i._printf_core) for _printf_core
    printf6.o(i.__0vfprintf$6) refers to hal_uart.o(.text) for fputc
    printf6.o(i.__0vprintf$6) refers to printf6.o(i._printf_core) for _printf_core
    printf6.o(i.__0vprintf$6) refers to hal_uart.o(.text) for fputc
    printf6.o(i.__0vprintf$6) refers to hal_uart.o(.data) for __stdout
    printf6.o(i.__0vsnprintf$6) refers to printf6.o(i._printf_core) for _printf_core
    printf6.o(i.__0vsnprintf$6) refers to printf6.o(i._snputc) for _snputc
    printf6.o(i.__0vsprintf$6) refers to printf6.o(i._printf_core) for _printf_core
    printf6.o(i.__0vsprintf$6) refers to printf6.o(i._sputc) for _sputc
    printf6.o(i._printf_core) refers to printf6.o(i._printf_pre_padding) for _printf_pre_padding
    printf6.o(i._printf_core) refers to uidiv.o(.text) for __aeabi_uidivmod
    printf6.o(i._printf_core) refers to printf6.o(i._printf_post_padding) for _printf_post_padding
    printf7.o(i.__0fprintf$7) refers to printf7.o(i._printf_core) for _printf_core
    printf7.o(i.__0fprintf$7) refers to hal_uart.o(.text) for fputc
    printf7.o(i.__0printf$7) refers to printf7.o(i._printf_core) for _printf_core
    printf7.o(i.__0printf$7) refers to hal_uart.o(.text) for fputc
    printf7.o(i.__0printf$7) refers to hal_uart.o(.data) for __stdout
    printf7.o(i.__0snprintf$7) refers to printf7.o(i._printf_core) for _printf_core
    printf7.o(i.__0snprintf$7) refers to printf7.o(i._snputc) for _snputc
    printf7.o(i.__0sprintf$7) refers to printf7.o(i._printf_core) for _printf_core
    printf7.o(i.__0sprintf$7) refers to printf7.o(i._sputc) for _sputc
    printf7.o(i.__0vfprintf$7) refers to printf7.o(i._printf_core) for _printf_core
    printf7.o(i.__0vfprintf$7) refers to hal_uart.o(.text) for fputc
    printf7.o(i.__0vprintf$7) refers to printf7.o(i._printf_core) for _printf_core
    printf7.o(i.__0vprintf$7) refers to hal_uart.o(.text) for fputc
    printf7.o(i.__0vprintf$7) refers to hal_uart.o(.data) for __stdout
    printf7.o(i.__0vsnprintf$7) refers to printf7.o(i._printf_core) for _printf_core
    printf7.o(i.__0vsnprintf$7) refers to printf7.o(i._snputc) for _snputc
    printf7.o(i.__0vsprintf$7) refers to printf7.o(i._printf_core) for _printf_core
    printf7.o(i.__0vsprintf$7) refers to printf7.o(i._sputc) for _sputc
    printf7.o(i._printf_core) refers to printf7.o(i._printf_pre_padding) for _printf_pre_padding
    printf7.o(i._printf_core) refers to uldiv.o(.text) for __aeabi_uldivmod
    printf7.o(i._printf_core) refers to printf7.o(i._printf_post_padding) for _printf_post_padding
    printf8.o(i.__0fprintf$8) refers to printf8.o(i._printf_core) for _printf_core
    printf8.o(i.__0fprintf$8) refers to hal_uart.o(.text) for fputc
    printf8.o(i.__0printf$8) refers to printf8.o(i._printf_core) for _printf_core
    printf8.o(i.__0printf$8) refers to hal_uart.o(.text) for fputc
    printf8.o(i.__0printf$8) refers to hal_uart.o(.data) for __stdout
    printf8.o(i.__0snprintf$8) refers to printf8.o(i._printf_core) for _printf_core
    printf8.o(i.__0snprintf$8) refers to printf8.o(i._snputc) for _snputc
    printf8.o(i.__0sprintf$8) refers to printf8.o(i._printf_core) for _printf_core
    printf8.o(i.__0sprintf$8) refers to printf8.o(i._sputc) for _sputc
    printf8.o(i.__0vfprintf$8) refers to printf8.o(i._printf_core) for _printf_core
    printf8.o(i.__0vfprintf$8) refers to hal_uart.o(.text) for fputc
    printf8.o(i.__0vprintf$8) refers to printf8.o(i._printf_core) for _printf_core
    printf8.o(i.__0vprintf$8) refers to hal_uart.o(.text) for fputc
    printf8.o(i.__0vprintf$8) refers to hal_uart.o(.data) for __stdout
    printf8.o(i.__0vsnprintf$8) refers to printf8.o(i._printf_core) for _printf_core
    printf8.o(i.__0vsnprintf$8) refers to printf8.o(i._snputc) for _snputc
    printf8.o(i.__0vsprintf$8) refers to printf8.o(i._printf_core) for _printf_core
    printf8.o(i.__0vsprintf$8) refers to printf8.o(i._sputc) for _sputc
    printf8.o(i._printf_core) refers to printf8.o(i._printf_pre_padding) for _printf_pre_padding
    printf8.o(i._printf_core) refers to uldiv.o(.text) for __aeabi_uldivmod
    printf8.o(i._printf_core) refers to printf8.o(i._printf_post_padding) for _printf_post_padding
    printfa.o(i.__0fprintf) refers (Special) to iusefp.o(.text) for __I$use$fp
    printfa.o(i.__0fprintf) refers to printfa.o(i._printf_core) for _printf_core
    printfa.o(i.__0fprintf) refers to hal_uart.o(.text) for fputc
    printfa.o(i.__0printf) refers (Special) to iusefp.o(.text) for __I$use$fp
    printfa.o(i.__0printf) refers to printfa.o(i._printf_core) for _printf_core
    printfa.o(i.__0printf) refers to hal_uart.o(.text) for fputc
    printfa.o(i.__0printf) refers to hal_uart.o(.data) for __stdout
    printfa.o(i.__0snprintf) refers (Special) to iusefp.o(.text) for __I$use$fp
    printfa.o(i.__0snprintf) refers to printfa.o(i._printf_core) for _printf_core
    printfa.o(i.__0snprintf) refers to printfa.o(i._snputc) for _snputc
    printfa.o(i.__0sprintf) refers (Special) to iusefp.o(.text) for __I$use$fp
    printfa.o(i.__0sprintf) refers to printfa.o(i._printf_core) for _printf_core
    printfa.o(i.__0sprintf) refers to printfa.o(i._sputc) for _sputc
    printfa.o(i.__0vfprintf) refers (Special) to iusefp.o(.text) for __I$use$fp
    printfa.o(i.__0vfprintf) refers to printfa.o(i._printf_core) for _printf_core
    printfa.o(i.__0vfprintf) refers to hal_uart.o(.text) for fputc
    printfa.o(i.__0vprintf) refers (Special) to iusefp.o(.text) for __I$use$fp
    printfa.o(i.__0vprintf) refers to printfa.o(i._printf_core) for _printf_core
    printfa.o(i.__0vprintf) refers to hal_uart.o(.text) for fputc
    printfa.o(i.__0vprintf) refers to hal_uart.o(.data) for __stdout
    printfa.o(i.__0vsnprintf) refers (Special) to iusefp.o(.text) for __I$use$fp
    printfa.o(i.__0vsnprintf) refers to printfa.o(i._printf_core) for _printf_core
    printfa.o(i.__0vsnprintf) refers to printfa.o(i._snputc) for _snputc
    printfa.o(i.__0vsprintf) refers (Special) to iusefp.o(.text) for __I$use$fp
    printfa.o(i.__0vsprintf) refers to printfa.o(i._printf_core) for _printf_core
    printfa.o(i.__0vsprintf) refers to printfa.o(i._sputc) for _sputc
    printfa.o(i._fp_digits) refers (Special) to iusefp.o(.text) for __I$use$fp
    printfa.o(i._fp_digits) refers to dmul.o(.text) for __aeabi_dmul
    printfa.o(i._fp_digits) refers to ddiv.o(.text) for __aeabi_ddiv
    printfa.o(i._fp_digits) refers to cdrcmple.o(.text) for __aeabi_cdrcmple
    printfa.o(i._fp_digits) refers to dadd.o(.text) for __aeabi_dadd
    printfa.o(i._fp_digits) refers to dfixul.o(.text) for __aeabi_d2ulz
    printfa.o(i._fp_digits) refers to uldiv.o(.text) for __aeabi_uldivmod
    printfa.o(i._printf_core) refers (Special) to iusefp.o(.text) for __I$use$fp
    printfa.o(i._printf_core) refers to printfa.o(i._printf_pre_padding) for _printf_pre_padding
    printfa.o(i._printf_core) refers to uldiv.o(.text) for __aeabi_uldivmod
    printfa.o(i._printf_core) refers to printfa.o(i._printf_post_padding) for _printf_post_padding
    printfa.o(i._printf_core) refers to printfa.o(i._fp_digits) for _fp_digits
    printfa.o(i._printf_core) refers to uidiv.o(.text) for __aeabi_uidivmod
    printfa.o(i._printf_post_padding) refers (Special) to iusefp.o(.text) for __I$use$fp
    printfa.o(i._printf_pre_padding) refers (Special) to iusefp.o(.text) for __I$use$fp
    printfa.o(i._snputc) refers (Special) to iusefp.o(.text) for __I$use$fp
    printfa.o(i._sputc) refers (Special) to iusefp.o(.text) for __I$use$fp
    entry2.o(.ARM.Collect$$$$00000001) refers to entry2.o(.ARM.Collect$$$$00002712) for __lit__00000000
    entry2.o(.ARM.Collect$$$$00002712) refers to startup_stm32f10x_md.o(STACK) for __initial_sp
    entry2.o(__vectab_stack_and_reset_area) refers to startup_stm32f10x_md.o(STACK) for __initial_sp
    entry2.o(__vectab_stack_and_reset_area) refers to entry.o(.ARM.Collect$$$$00000000) for __main
    entry5.o(.ARM.Collect$$$$00000004) refers to init.o(.text) for __scatterload
    entry9a.o(.ARM.Collect$$$$0000000B) refers to main.o(.text) for main
    entry9b.o(.ARM.Collect$$$$0000000C) refers to main.o(.text) for main
    uldiv.o(.text) refers to llushr.o(.text) for __aeabi_llsr
    uldiv.o(.text) refers to llshl.o(.text) for __aeabi_llsl
    localtime_w.o(.text) refers to localtime_i.o(.text) for _localtime
    localtime_w.o(.text) refers to localtime_w.o(.bss) for .bss
    localtime_i.o(.text) refers to localtime_i.o(.constdata) for .constdata
    dadd.o(.text) refers to llshl.o(.text) for __aeabi_llsl
    dadd.o(.text) refers to llsshr.o(.text) for __aeabi_lasr
    dadd.o(.text) refers to depilogue.o(.text) for _double_epilogue
    dmul.o(.text) refers to depilogue.o(.text) for _double_epilogue
    ddiv.o(.text) refers to depilogue.o(.text) for _double_round
    dfixul.o(.text) refers to llushr.o(.text) for __aeabi_llsr
    dfixul.o(.text) refers to llshl.o(.text) for __aeabi_llsl
    init.o(.text) refers to entry5.o(.ARM.Collect$$$$00000004) for __main_after_scatterload
    depilogue.o(.text) refers to llshl.o(.text) for __aeabi_llsl
    depilogue.o(.text) refers to llushr.o(.text) for __aeabi_llsr


==============================================================================

Removing Unused input sections from the image.

    Removing sa_gpio.o(.text), (172 bytes).
    Removing hal_relay.o(.text), (6 bytes).
    Removing hal_relay.o(.data), (1 bytes).
    Removing system_stm32f10x.o(.constdata), (20 bytes).
    Removing startup_stm32f10x_md.o(HEAP), (512 bytes).
    Removing stm32f10x_adc.o(.text), (1102 bytes).
    Removing stm32f10x_can.o(.text), (2000 bytes).
    Removing stm32f10x_crc.o(.text), (72 bytes).
    Removing stm32f10x_dac.o(.text), (396 bytes).
    Removing stm32f10x_dbgmcu.o(.text), (48 bytes).
    Removing stm32f10x_dma.o(.text), (588 bytes).
    Removing stm32f10x_flash.o(.text), (1332 bytes).
    Removing stm32f10x_fsmc.o(.text), (1540 bytes).
    Removing stm32f10x_i2c.o(.text), (996 bytes).
    Removing stm32f10x_iwdg.o(.text), (64 bytes).
    Removing stm32f10x_sdio.o(.text), (468 bytes).
    Removing stm32f10x_wwdg.o(.text), (136 bytes).
    Removing dadd.o(.text), (334 bytes).
    Removing dmul.o(.text), (228 bytes).
    Removing ddiv.o(.text), (222 bytes).
    Removing dfixul.o(.text), (48 bytes).
    Removing cdrcmple.o(.text), (48 bytes).
    Removing depilogue.o(.text), (186 bytes).

23 unused section(s) (total 10519 bytes) removed from the image.

==============================================================================

Image Symbol Table

    Local Symbols

    Symbol Name                              Value     Ov Type        Size  Object(Section)

    ../clib/microlib/division.c              0x00000000   Number         0  uidiv.o ABSOLUTE
    ../clib/microlib/division.c              0x00000000   Number         0  uldiv.o ABSOLUTE
    ../clib/microlib/init/entry.s            0x00000000   Number         0  entry10a.o ABSOLUTE
    ../clib/microlib/init/entry.s            0x00000000   Number         0  entry5.o ABSOLUTE
    ../clib/microlib/init/entry.s            0x00000000   Number         0  entry.o ABSOLUTE
    ../clib/microlib/init/entry.s            0x00000000   Number         0  entry7b.o ABSOLUTE
    ../clib/microlib/init/entry.s            0x00000000   Number         0  entry8b.o ABSOLUTE
    ../clib/microlib/init/entry.s            0x00000000   Number         0  entry2.o ABSOLUTE
    ../clib/microlib/init/entry.s            0x00000000   Number         0  entry8a.o ABSOLUTE
    ../clib/microlib/init/entry.s            0x00000000   Number         0  entry9b.o ABSOLUTE
    ../clib/microlib/init/entry.s            0x00000000   Number         0  entry9a.o ABSOLUTE
    ../clib/microlib/init/entry.s            0x00000000   Number         0  entry11b.o ABSOLUTE
    ../clib/microlib/init/entry.s            0x00000000   Number         0  entry11a.o ABSOLUTE
    ../clib/microlib/init/entry.s            0x00000000   Number         0  entry10b.o ABSOLUTE
    ../clib/microlib/init/entry.s            0x00000000   Number         0  entry7a.o ABSOLUTE
    ../clib/microlib/longlong.c              0x00000000   Number         0  llushr.o ABSOLUTE
    ../clib/microlib/longlong.c              0x00000000   Number         0  llsshr.o ABSOLUTE
    ../clib/microlib/longlong.c              0x00000000   Number         0  llshl.o ABSOLUTE
    ../clib/microlib/printf/printf.c         0x00000000   Number         0  printf7.o ABSOLUTE
    ../clib/microlib/printf/printf.c         0x00000000   Number         0  printf8.o ABSOLUTE
    ../clib/microlib/printf/printf.c         0x00000000   Number         0  printfa.o ABSOLUTE
    ../clib/microlib/printf/printf.c         0x00000000   Number         0  printf3.o ABSOLUTE
    ../clib/microlib/printf/printf.c         0x00000000   Number         0  printf4.o ABSOLUTE
    ../clib/microlib/printf/printf.c         0x00000000   Number         0  printf5.o ABSOLUTE
    ../clib/microlib/printf/printf.c         0x00000000   Number         0  printf6.o ABSOLUTE
    ../clib/microlib/printf/printf.c         0x00000000   Number         0  printf0.o ABSOLUTE
    ../clib/microlib/printf/printf.c         0x00000000   Number         0  printf2.o ABSOLUTE
    ../clib/microlib/printf/printf.c         0x00000000   Number         0  printf1.o ABSOLUTE
    ../clib/microlib/printf/printf.c         0x00000000   Number         0  printfb.o ABSOLUTE
    ../clib/microlib/printf/stubs.s          0x00000000   Number         0  stubs.o ABSOLUTE
    ../clib/microlib/string/memcmp.c         0x00000000   Number         0  memcmp.o ABSOLUTE
    ../clib/microlib/string/memcpy.c         0x00000000   Number         0  memcpyb.o ABSOLUTE
    ../clib/microlib/string/memcpy.c         0x00000000   Number         0  memcpya.o ABSOLUTE
    ../clib/microlib/string/memset.c         0x00000000   Number         0  memseta.o ABSOLUTE
    ../clib/microlib/stubs.s                 0x00000000   Number         0  iusefp.o ABSOLUTE
    ../clib/microlib/stubs.s                 0x00000000   Number         0  useno.o ABSOLUTE
    ../clib/microlib/time/localtime.c        0x00000000   Number         0  localtime.o ABSOLUTE
    ../clib/microlib/time/localtime.c        0x00000000   Number         0  localtime_i.o ABSOLUTE
    ../clib/microlib/time/localtime.c        0x00000000   Number         0  localtime_w.o ABSOLUTE
    ../clib/microlib/time/mktime.c           0x00000000   Number         0  mktime.o ABSOLUTE
    ../fplib/microlib/fpadd.c                0x00000000   Number         0  dadd.o ABSOLUTE
    ../fplib/microlib/fpdiv.c                0x00000000   Number         0  ddiv.o ABSOLUTE
    ../fplib/microlib/fpepilogue.c           0x00000000   Number         0  depilogue.o ABSOLUTE
    ../fplib/microlib/fpfix.c                0x00000000   Number         0  dfixul.o ABSOLUTE
    ../fplib/microlib/fpmul.c                0x00000000   Number         0  dmul.o ABSOLUTE
    ..\Lib\CM3\core_cm3.c                    0x00000000   Number         0  core_cm3.o ABSOLUTE
    ..\Lib\CM3\system_stm32f10x.c            0x00000000   Number         0  system_stm32f10x.o ABSOLUTE
    ..\Lib\src\misc.c                        0x00000000   Number         0  misc.o ABSOLUTE
    ..\Lib\src\stm32f10x_adc.c               0x00000000   Number         0  stm32f10x_adc.o ABSOLUTE
    ..\Lib\src\stm32f10x_bkp.c               0x00000000   Number         0  stm32f10x_bkp.o ABSOLUTE
    ..\Lib\src\stm32f10x_can.c               0x00000000   Number         0  stm32f10x_can.o ABSOLUTE
    ..\Lib\src\stm32f10x_crc.c               0x00000000   Number         0  stm32f10x_crc.o ABSOLUTE
    ..\Lib\src\stm32f10x_dac.c               0x00000000   Number         0  stm32f10x_dac.o ABSOLUTE
    ..\Lib\src\stm32f10x_dbgmcu.c            0x00000000   Number         0  stm32f10x_dbgmcu.o ABSOLUTE
    ..\Lib\src\stm32f10x_dma.c               0x00000000   Number         0  stm32f10x_dma.o ABSOLUTE
    ..\Lib\src\stm32f10x_exti.c              0x00000000   Number         0  stm32f10x_exti.o ABSOLUTE
    ..\Lib\src\stm32f10x_flash.c             0x00000000   Number         0  stm32f10x_flash.o ABSOLUTE
    ..\Lib\src\stm32f10x_fsmc.c              0x00000000   Number         0  stm32f10x_fsmc.o ABSOLUTE
    ..\Lib\src\stm32f10x_gpio.c              0x00000000   Number         0  stm32f10x_gpio.o ABSOLUTE
    ..\Lib\src\stm32f10x_i2c.c               0x00000000   Number         0  stm32f10x_i2c.o ABSOLUTE
    ..\Lib\src\stm32f10x_iwdg.c              0x00000000   Number         0  stm32f10x_iwdg.o ABSOLUTE
    ..\Lib\src\stm32f10x_pwr.c               0x00000000   Number         0  stm32f10x_pwr.o ABSOLUTE
    ..\Lib\src\stm32f10x_rcc.c               0x00000000   Number         0  stm32f10x_rcc.o ABSOLUTE
    ..\Lib\src\stm32f10x_rtc.c               0x00000000   Number         0  stm32f10x_rtc.o ABSOLUTE
    ..\Lib\src\stm32f10x_sdio.c              0x00000000   Number         0  stm32f10x_sdio.o ABSOLUTE
    ..\Lib\src\stm32f10x_spi.c               0x00000000   Number         0  stm32f10x_spi.o ABSOLUTE
    ..\Lib\src\stm32f10x_tim.c               0x00000000   Number         0  stm32f10x_tim.o ABSOLUTE
    ..\Lib\src\stm32f10x_usart.c             0x00000000   Number         0  stm32f10x_usart.o ABSOLUTE
    ..\Lib\src\stm32f10x_wwdg.c              0x00000000   Number         0  stm32f10x_wwdg.o ABSOLUTE
    ..\Lib\startup\arm\startup_stm32f10x_md.s 0x00000000   Number         0  startup_stm32f10x_md.o ABSOLUTE
    ..\User\GPIO\sa_gpio.c                   0x00000000   Number         0  sa_gpio.o ABSOLUTE
    ..\User\Hal_OLED\AsciiLib.c              0x00000000   Number         0  asciilib.o ABSOLUTE
    ..\User\Hal_OLED\Hal_OLED.c              0x00000000   Number         0  hal_oled.o ABSOLUTE
    ..\User\Hal_Usart\hal_uart.c             0x00000000   Number         0  hal_uart.o ABSOLUTE
    ..\User\Hal_key\hal_key.c                0x00000000   Number         0  hal_key.o ABSOLUTE
    ..\User\Hal_led\Hal_led.c                0x00000000   Number         0  hal_led.o ABSOLUTE
    ..\User\Hal_relay\hal_relay.c            0x00000000   Number         0  hal_relay.o ABSOLUTE
    ..\User\Hal_rgb_led\hal_rgb_led.c        0x00000000   Number         0  hal_rgb_led.o ABSOLUTE
    ..\User\Protocol\Protocol.c              0x00000000   Number         0  protocol.o ABSOLUTE
    ..\User\RTC.c                            0x00000000   Number         0  rtc.o ABSOLUTE
    ..\User\delay.c                          0x00000000   Number         0  delay.o ABSOLUTE
    ..\User\hal_infrared\hal_infrared.c      0x00000000   Number         0  hal_infrared.o ABSOLUTE
    ..\User\hal_motor\hal_motor.c            0x00000000   Number         0  hal_motor.o ABSOLUTE
    ..\User\hal_temp_hum\hal_temp_hum.c      0x00000000   Number         0  hal_temp_hum.o ABSOLUTE
    ..\User\main.c                           0x00000000   Number         0  main.o ABSOLUTE
    ..\User\stm32f10x_it.c                   0x00000000   Number         0  stm32f10x_it.o ABSOLUTE
    ..\\Lib\\CM3\\core_cm3.c                 0x00000000   Number         0  core_cm3.o ABSOLUTE
    cdrcmple.s                               0x00000000   Number         0  cdrcmple.o ABSOLUTE
    dc.s                                     0x00000000   Number         0  dc.o ABSOLUTE
    handlers.s                               0x00000000   Number         0  handlers.o ABSOLUTE
    init.s                                   0x00000000   Number         0  init.o ABSOLUTE
    RESET                                    0x08000000   Section      236  startup_stm32f10x_md.o(RESET)
    .ARM.Collect$$$$00000000                 0x080000ec   Section        0  entry.o(.ARM.Collect$$$$00000000)
    .ARM.Collect$$$$00000001                 0x080000ec   Section        4  entry2.o(.ARM.Collect$$$$00000001)
    .ARM.Collect$$$$00000004                 0x080000f0   Section        4  entry5.o(.ARM.Collect$$$$00000004)
    .ARM.Collect$$$$00000008                 0x080000f4   Section        0  entry7b.o(.ARM.Collect$$$$00000008)
    .ARM.Collect$$$$0000000A                 0x080000f4   Section        0  entry8b.o(.ARM.Collect$$$$0000000A)
    .ARM.Collect$$$$0000000B                 0x080000f4   Section        8  entry9a.o(.ARM.Collect$$$$0000000B)
    .ARM.Collect$$$$0000000D                 0x080000fc   Section        0  entry10a.o(.ARM.Collect$$$$0000000D)
    .ARM.Collect$$$$0000000F                 0x080000fc   Section        0  entry11a.o(.ARM.Collect$$$$0000000F)
    .ARM.Collect$$$$00002712                 0x080000fc   Section        4  entry2.o(.ARM.Collect$$$$00002712)
    __lit__00000000                          0x080000fc   Data           4  entry2.o(.ARM.Collect$$$$00002712)
    .emb_text                                0x08000100   Section       32  core_cm3.o(.emb_text)
    .text                                    0x08000120   Section        0  main.o(.text)
    .text                                    0x0800072c   Section        0  stm32f10x_it.o(.text)
    .text                                    0x080009e0   Section        0  delay.o(.text)
    .text                                    0x08000aac   Section        0  rtc.o(.text)
    NVIC_Configuration                       0x08000b49   Thumb Code    42  rtc.o(.text)
    RTC_Configuration                        0x08000b73   Thumb Code    88  rtc.o(.text)
    .text                                    0x08000d58   Section        0  hal_rgb_led.o(.text)
    .text                                    0x08000e9c   Section        0  hal_uart.o(.text)
    .text                                    0x0800112c   Section        0  hal_key.o(.text)
    .text                                    0x08001518   Section        0  hal_led.o(.text)
    .text                                    0x08001624   Section        0  hal_motor.o(.text)
    .text                                    0x0800174c   Section        0  hal_temp_hum.o(.text)
    .text                                    0x080018f8   Section        0  hal_infrared.o(.text)
    .text                                    0x08001c14   Section        0  hal_oled.o(.text)
    .text                                    0x080021c4   Section        0  protocol.o(.text)
    .text                                    0x08002ae4   Section        0  system_stm32f10x.o(.text)
    SetSysClockTo72                          0x08002ae5   Thumb Code   220  system_stm32f10x.o(.text)
    SetSysClock                              0x08002bc1   Thumb Code     8  system_stm32f10x.o(.text)
    .text                                    0x08002c20   Section       28  startup_stm32f10x_md.o(.text)
    .text                                    0x08002c3c   Section        0  misc.o(.text)
    .text                                    0x08002d18   Section        0  stm32f10x_bkp.o(.text)
    .text                                    0x08002ddc   Section        0  stm32f10x_exti.o(.text)
    .text                                    0x08002ef8   Section        0  stm32f10x_gpio.o(.text)
    .text                                    0x08003234   Section        0  stm32f10x_pwr.o(.text)
    .text                                    0x080032f4   Section        0  stm32f10x_rcc.o(.text)
    .text                                    0x08003698   Section        0  stm32f10x_rtc.o(.text)
    .text                                    0x080037e0   Section        0  stm32f10x_spi.o(.text)
    .text                                    0x08003aec   Section        0  stm32f10x_tim.o(.text)
    TI4_Config                               0x08003df9   Thumb Code    80  stm32f10x_tim.o(.text)
    TI3_Config                               0x08003e5b   Thumb Code    72  stm32f10x_tim.o(.text)
    TI2_Config                               0x08003ebd   Thumb Code   110  stm32f10x_tim.o(.text)
    TI1_Config                               0x08003f3d   Thumb Code    56  stm32f10x_tim.o(.text)
    .text                                    0x08004684   Section        0  stm32f10x_usart.o(.text)
    .text                                    0x08004a28   Section        0  mktime.o(.text)
    .text                                    0x08004ad0   Section        0  memcpya.o(.text)
    .text                                    0x08004af4   Section        0  memseta.o(.text)
    .text                                    0x08004b18   Section        0  memcmp.o(.text)
    .text                                    0x08004b32   Section        0  uldiv.o(.text)
    .text                                    0x08004b94   Section        0  localtime_w.o(.text)
    .text                                    0x08004ba0   Section        0  localtime_i.o(.text)
    .text                                    0x08004c2c   Section       36  init.o(.text)
    .text                                    0x08004c50   Section        0  llshl.o(.text)
    .text                                    0x08004c6e   Section        0  llushr.o(.text)
    i.__0printf$8                            0x08004c90   Section        0  printf8.o(i.__0printf$8)
    i.__scatterload_copy                     0x08004cb0   Section       14  handlers.o(i.__scatterload_copy)
    i.__scatterload_null                     0x08004cbe   Section        2  handlers.o(i.__scatterload_null)
    i.__scatterload_zeroinit                 0x08004cc0   Section       14  handlers.o(i.__scatterload_zeroinit)
    i._printf_core                           0x08004cd0   Section        0  printf8.o(i._printf_core)
    _printf_core                             0x08004cd1   Thumb Code   996  printf8.o(i._printf_core)
    i._printf_post_padding                   0x080050e0   Section        0  printf8.o(i._printf_post_padding)
    _printf_post_padding                     0x080050e1   Thumb Code    36  printf8.o(i._printf_post_padding)
    i._printf_pre_padding                    0x08005104   Section        0  printf8.o(i._printf_pre_padding)
    _printf_pre_padding                      0x08005105   Thumb Code    46  printf8.o(i._printf_pre_padding)
    .constdata                               0x08005132   Section     4132  asciilib.o(.constdata)
    .constdata                               0x08006156   Section       12  mktime.o(.constdata)
    monlen                                   0x08006156   Data          12  mktime.o(.constdata)
    .constdata                               0x08006162   Section       12  localtime_i.o(.constdata)
    monlen                                   0x08006162   Data          12  localtime_i.o(.constdata)
    .conststring                             0x08006170   Section      164  main.o(.conststring)
    .data                                    0x20000000   Section       25  main.o(.data)
    .data                                    0x2000001a   Section        4  delay.o(.data)
    fac_us                                   0x2000001a   Data           1  delay.o(.data)
    fac_ms                                   0x2000001c   Data           2  delay.o(.data)
    .data                                    0x20000020   Section        4  hal_uart.o(.data)
    .data                                    0x20000024   Section        7  hal_key.o(.data)
    Key_Check                                0x20000025   Data           1  hal_key.o(.data)
    Key_State                                0x20000026   Data           1  hal_key.o(.data)
    Key_LongCheck                            0x20000028   Data           2  hal_key.o(.data)
    Key_Prev                                 0x2000002a   Data           1  hal_key.o(.data)
    .data                                    0x2000002b   Section       20  stm32f10x_rcc.o(.data)
    APBAHBPrescTable                         0x2000002b   Data          16  stm32f10x_rcc.o(.data)
    ADCPrescTable                            0x2000003b   Data           4  stm32f10x_rcc.o(.data)
    .bss                                     0x20000040   Section      654  main.o(.bss)
    .bss                                     0x200002ce   Section     1024  hal_oled.o(.bss)
    .bss                                     0x200006d0   Section       44  localtime_w.o(.bss)
    _tms                                     0x200006d0   Data          44  localtime_w.o(.bss)
    STACK                                    0x20000700   Section     1024  startup_stm32f10x_md.o(STACK)

    Global Symbols

    Symbol Name                              Value     Ov Type        Size  Object(Section)

    BuildAttributes$$THM_ISAv4$P$D$K$B$S$PE$A:L22UL41UL21$X:L11$S22US41US21$IEEE1$IW$USESV6$~STKCKD$USESV7$~SHL$OSPACE$ROPI$EBA8$MICROLIB$REQ8$PRES8$EABIv2 0x00000000   Number         0  anon$$obj.o ABSOLUTE
    __ARM_use_no_argv                        0x00000000   Number         0  main.o ABSOLUTE
    __use_no_errno                           0x00000000   Number         0  useno.o ABSOLUTE
    __use_no_exception_handling              0x00000000   Number         0  useno.o ABSOLUTE
    __use_no_fp                              0x00000000   Number         0  useno.o ABSOLUTE
    __use_no_heap                            0x00000000   Number         0  useno.o ABSOLUTE
    __use_no_heap_region                     0x00000000   Number         0  useno.o ABSOLUTE
    __use_no_semihosting                     0x00000000   Number         0  useno.o ABSOLUTE
    __use_no_semihosting_swi                 0x00000000   Number         0  useno.o ABSOLUTE
    __use_no_signal_handling                 0x00000000   Number         0  useno.o ABSOLUTE
    _printf_a                                0x00000000   Number         0  stubs.o ABSOLUTE
    _printf_c                                0x00000000   Number         0  stubs.o ABSOLUTE
    _printf_charcount                        0x00000000   Number         0  stubs.o ABSOLUTE
    _printf_d                                0x00000000   Number         0  stubs.o ABSOLUTE
    _printf_e                                0x00000000   Number         0  stubs.o ABSOLUTE
    _printf_f                                0x00000000   Number         0  stubs.o ABSOLUTE
    _printf_flags                            0x00000000   Number         0  stubs.o ABSOLUTE
    _printf_fp_dec                           0x00000000   Number         0  stubs.o ABSOLUTE
    _printf_fp_hex                           0x00000000   Number         0  stubs.o ABSOLUTE
    _printf_g                                0x00000000   Number         0  stubs.o ABSOLUTE
    _printf_i                                0x00000000   Number         0  stubs.o ABSOLUTE
    _printf_int_dec                          0x00000000   Number         0  stubs.o ABSOLUTE
    _printf_l                                0x00000000   Number         0  stubs.o ABSOLUTE
    _printf_lc                               0x00000000   Number         0  stubs.o ABSOLUTE
    _printf_ll                               0x00000000   Number         0  stubs.o ABSOLUTE
    _printf_lld                              0x00000000   Number         0  stubs.o ABSOLUTE
    _printf_lli                              0x00000000   Number         0  stubs.o ABSOLUTE
    _printf_llo                              0x00000000   Number         0  stubs.o ABSOLUTE
    _printf_llu                              0x00000000   Number         0  stubs.o ABSOLUTE
    _printf_llx                              0x00000000   Number         0  stubs.o ABSOLUTE
    _printf_longlong_dec                     0x00000000   Number         0  stubs.o ABSOLUTE
    _printf_longlong_hex                     0x00000000   Number         0  stubs.o ABSOLUTE
    _printf_longlong_oct                     0x00000000   Number         0  stubs.o ABSOLUTE
    _printf_ls                               0x00000000   Number         0  stubs.o ABSOLUTE
    _printf_mbtowc                           0x00000000   Number         0  stubs.o ABSOLUTE
    _printf_n                                0x00000000   Number         0  stubs.o ABSOLUTE
    _printf_o                                0x00000000   Number         0  stubs.o ABSOLUTE
    _printf_p                                0x00000000   Number         0  stubs.o ABSOLUTE
    _printf_percent                          0x00000000   Number         0  stubs.o ABSOLUTE
    _printf_pre_padding                      0x00000000   Number         0  stubs.o ABSOLUTE
    _printf_return_value                     0x00000000   Number         0  stubs.o ABSOLUTE
    _printf_s                                0x00000000   Number         0  stubs.o ABSOLUTE
    _printf_sizespec                         0x00000000   Number         0  stubs.o ABSOLUTE
    _printf_str                              0x00000000   Number         0  stubs.o ABSOLUTE
    _printf_truncate_signed                  0x00000000   Number         0  stubs.o ABSOLUTE
    _printf_truncate_unsigned                0x00000000   Number         0  stubs.o ABSOLUTE
    _printf_u                                0x00000000   Number         0  stubs.o ABSOLUTE
    _printf_wc                               0x00000000   Number         0  stubs.o ABSOLUTE
    _printf_wctomb                           0x00000000   Number         0  stubs.o ABSOLUTE
    _printf_widthprec                        0x00000000   Number         0  stubs.o ABSOLUTE
    _printf_x                                0x00000000   Number         0  stubs.o ABSOLUTE
    __cpp_initialize__aeabi_                  - Undefined Weak Reference
    __cxa_finalize                            - Undefined Weak Reference
    __decompress                              - Undefined Weak Reference
    _clock_init                               - Undefined Weak Reference
    _microlib_exit                            - Undefined Weak Reference
    __Vectors_Size                           0x000000ec   Number         0  startup_stm32f10x_md.o ABSOLUTE
    __Vectors                                0x08000000   Data           4  startup_stm32f10x_md.o(RESET)
    __Vectors_End                            0x080000ec   Data           0  startup_stm32f10x_md.o(RESET)
    __main                                   0x080000ed   Thumb Code     0  entry.o(.ARM.Collect$$$$00000000)
    _main_stk                                0x080000ed   Thumb Code     0  entry2.o(.ARM.Collect$$$$00000001)
    _main_scatterload                        0x080000f1   Thumb Code     0  entry5.o(.ARM.Collect$$$$00000004)
    __main_after_scatterload                 0x080000f5   Thumb Code     0  entry5.o(.ARM.Collect$$$$00000004)
    _main_clock                              0x080000f5   Thumb Code     0  entry7b.o(.ARM.Collect$$$$00000008)
    _main_cpp_init                           0x080000f5   Thumb Code     0  entry8b.o(.ARM.Collect$$$$0000000A)
    _main_init                               0x080000f5   Thumb Code     0  entry9a.o(.ARM.Collect$$$$0000000B)
    __rt_final_cpp                           0x080000fd   Thumb Code     0  entry10a.o(.ARM.Collect$$$$0000000D)
    __rt_final_exit                          0x080000fd   Thumb Code     0  entry11a.o(.ARM.Collect$$$$0000000F)
    __get_PSP                                0x08000101   Thumb Code     6  core_cm3.o(.emb_text)
    __set_PSP                                0x08000107   Thumb Code     6  core_cm3.o(.emb_text)
    __get_MSP                                0x0800010d   Thumb Code     6  core_cm3.o(.emb_text)
    __set_MSP                                0x08000113   Thumb Code     6  core_cm3.o(.emb_text)
    __REV16                                  0x08000119   Thumb Code     4  core_cm3.o(.emb_text)
    __REVSH                                  0x0800011d   Thumb Code     4  core_cm3.o(.emb_text)
    McuStatusInit                            0x08000121   Thumb Code   320  main.o(.text)
    Printf_SystemRccClocks                   0x08000261   Thumb Code   138  main.o(.text)
    printf_DevStatus                         0x080002eb   Thumb Code    58  main.o(.text)
    Hal_Init                                 0x08000325   Thumb Code   214  main.o(.text)
    ReportDevStatusHandle                    0x080003fb   Thumb Code    44  main.o(.text)
    main                                     0x08000427   Thumb Code    54  main.o(.text)
    USART2_IRQHandler                        0x0800072d   Thumb Code   262  stm32f10x_it.o(.text)
    USART1_IRQHandler                        0x08000833   Thumb Code    56  stm32f10x_it.o(.text)
    USART3_IRQHandler                        0x0800086b   Thumb Code    56  stm32f10x_it.o(.text)
    TIM3_IRQHandler                          0x080008a3   Thumb Code    62  stm32f10x_it.o(.text)
    RTC_IRQHandler                           0x080008e1   Thumb Code    18  stm32f10x_it.o(.text)
    EXTI9_5_IRQHandler                       0x080008f3   Thumb Code    80  stm32f10x_it.o(.text)
    NMI_Handler                              0x08000943   Thumb Code     2  stm32f10x_it.o(.text)
    HardFault_Handler                        0x08000945   Thumb Code    18  stm32f10x_it.o(.text)
    MemManage_Handler                        0x08000957   Thumb Code     4  stm32f10x_it.o(.text)
    BusFault_Handler                         0x0800095b   Thumb Code     4  stm32f10x_it.o(.text)
    UsageFault_Handler                       0x0800095f   Thumb Code     4  stm32f10x_it.o(.text)
    SVC_Handler                              0x08000963   Thumb Code     2  stm32f10x_it.o(.text)
    DebugMon_Handler                         0x08000965   Thumb Code     2  stm32f10x_it.o(.text)
    PendSV_Handler                           0x08000967   Thumb Code     2  stm32f10x_it.o(.text)
    SysTick_Handler                          0x08000969   Thumb Code    18  stm32f10x_it.o(.text)
    Delay_Init                               0x080009e1   Thumb Code    52  delay.o(.text)
    Delay_us                                 0x08000a15   Thumb Code    56  delay.o(.text)
    Delay_ms                                 0x08000a4d   Thumb Code    56  delay.o(.text)
    Delay_s                                  0x08000a85   Thumb Code    30  delay.o(.text)
    Time_ConvUnixToCalendar                  0x08000aad   Thumb Code    32  rtc.o(.text)
    Time_ConvCalendarToUnix                  0x08000acd   Thumb Code    24  rtc.o(.text)
    Time_GetUnixTime                         0x08000ae5   Thumb Code     8  rtc.o(.text)
    Time_GetCalendarTime                     0x08000aed   Thumb Code    34  rtc.o(.text)
    Time_SetUnixTime                         0x08000b0f   Thumb Code    20  rtc.o(.text)
    Time_SetCalendarTime                     0x08000b23   Thumb Code    38  rtc.o(.text)
    Time_Regulate                            0x08000bcb   Thumb Code    60  rtc.o(.text)
    RTC_Init                                 0x08000c07   Thumb Code   110  rtc.o(.text)
    Printf_TimeDisplay                       0x08000c75   Thumb Code    38  rtc.o(.text)
    LED_delay                                0x08000d59   Thumb Code    24  hal_rgb_led.o(.text)
    ClkProduce                               0x08000d71   Thumb Code    36  hal_rgb_led.o(.text)
    Send32Zero                               0x08000d95   Thumb Code    30  hal_rgb_led.o(.text)
    TakeAntiCode                             0x08000db3   Thumb Code    12  hal_rgb_led.o(.text)
    DatSend                                  0x08000dbf   Thumb Code    52  hal_rgb_led.o(.text)
    DataDealWithAndSend                      0x08000df3   Thumb Code    66  hal_rgb_led.o(.text)
    RGB_LED_Init                             0x08000e35   Thumb Code    64  hal_rgb_led.o(.text)
    LED_RGB_Control                          0x08000e75   Thumb Code    34  hal_rgb_led.o(.text)
    UART_GPIO_Init                           0x08000e9d   Thumb Code   230  hal_uart.o(.text)
    UART_Config                              0x08000f83   Thumb Code   202  hal_uart.o(.text)
    NVIC_Configuration                       0x0800104d   Thumb Code    88  hal_uart.o(.text)
    UART2_Send_DATA                          0x080010a5   Thumb Code    28  hal_uart.o(.text)
    UART1_Send_DATA                          0x080010c1   Thumb Code    28  hal_uart.o(.text)
    UARTx_Init                               0x080010dd   Thumb Code    16  hal_uart.o(.text)
    _sys_exit                                0x080010ed   Thumb Code     6  hal_uart.o(.text)
    fputc                                    0x080010f3   Thumb Code    32  hal_uart.o(.text)
    KEY_GPIO_Init                            0x0800112d   Thumb Code    72  hal_key.o(.text)
    TIM3_Int_Init                            0x08001175   Thumb Code    90  hal_key.o(.text)
    Get_Key                                  0x080011cf   Thumb Code    54  hal_key.o(.text)
    ReadKeyValue                             0x08001205   Thumb Code   208  hal_key.o(.text)
    KEY_LongHandle                           0x080012d5   Thumb Code   148  hal_key.o(.text)
    KEY_Handle                               0x08001369   Thumb Code   194  hal_key.o(.text)
    LED_OFF                                  0x08001519   Thumb Code    74  hal_led.o(.text)
    LED_GPIO_Init                            0x08001563   Thumb Code   116  hal_led.o(.text)
    LED_ON                                   0x080015d7   Thumb Code    74  hal_led.o(.text)
    TIM3_GPIO_Config                         0x08001625   Thumb Code    62  hal_motor.o(.text)
    TIM3_Mode_Config                         0x08001663   Thumb Code    82  hal_motor.o(.text)
    Motor_Init                               0x080016b5   Thumb Code    12  hal_motor.o(.text)
    Motor_Control                            0x080016c1   Thumb Code    34  hal_motor.o(.text)
    Motor_status                             0x080016e3   Thumb Code    62  hal_motor.o(.text)
    TIM4_IRQHandler                          0x08001721   Thumb Code    22  hal_motor.o(.text)
    DHT11_Rst                                0x0800174d   Thumb Code    56  hal_temp_hum.o(.text)
    DHT11_Check                              0x08001785   Thumb Code   100  hal_temp_hum.o(.text)
    DHT11_Read_Bit                           0x080017e9   Thumb Code    76  hal_temp_hum.o(.text)
    DHT11_Read_Byte                          0x08001835   Thumb Code    30  hal_temp_hum.o(.text)
    DHT11_Read_Data                          0x08001853   Thumb Code    88  hal_temp_hum.o(.text)
    DHT11_Init                               0x080018ab   Thumb Code    62  hal_temp_hum.o(.text)
    EXTIx_Init                               0x080018f9   Thumb Code   714  hal_infrared.o(.text)
    IR_Init                                  0x08001bc3   Thumb Code    16  hal_infrared.o(.text)
    IR_Handle                                0x08001bd3   Thumb Code    28  hal_infrared.o(.text)
    SPIx_WriteByte                           0x08001c15   Thumb Code    82  hal_oled.o(.text)
    OLED_WriteByte                           0x08001c67   Thumb Code    72  hal_oled.o(.text)
    OLED_GPIO_Init                           0x08001caf   Thumb Code   110  hal_oled.o(.text)
    OLED_SPI_Init                            0x08001d1d   Thumb Code   142  hal_oled.o(.text)
    OLED_Refresh_Gram                        0x08001dab   Thumb Code    70  hal_oled.o(.text)
    LCD_Clear                                0x08001df1   Thumb Code    42  hal_oled.o(.text)
    OLED_Init                                0x08001e1b   Thumb Code   252  hal_oled.o(.text)
    OLED_DisplayOn                           0x08001f17   Thumb Code    28  hal_oled.o(.text)
    OLED_DisplayOff                          0x08001f33   Thumb Code    28  hal_oled.o(.text)
    OLED_DrawPoint                           0x08001f4f   Thumb Code   100  hal_oled.o(.text)
    OLED_ShowChar                            0x08001fb3   Thumb Code   184  hal_oled.o(.text)
    OLED_ShowString                          0x0800206b   Thumb Code    72  hal_oled.o(.text)
    OLED_Set_Pos                             0x080020b3   Thumb Code    52  hal_oled.o(.text)
    OLED_ShowCN                              0x080020e7   Thumb Code    98  hal_oled.o(.text)
    OLED_DrawBMP                             0x08002149   Thumb Code   118  hal_oled.o(.text)
    Pro_UART_SendBuf                         0x080021c5   Thumb Code   190  protocol.o(.text)
    CheckSum                                 0x08002283   Thumb Code    40  protocol.o(.text)
    Pro_W2D_ErrorCmdHandle                   0x080022ab   Thumb Code    96  protocol.o(.text)
    Pro_D2W_ReportDevStatusHandle            0x0800230b   Thumb Code   118  protocol.o(.text)
    Pro_W2D_CommonCmdHandle                  0x08002381   Thumb Code    60  protocol.o(.text)
    Pro_W2D_ReadDevStatusHandle              0x080023bd   Thumb Code     8  protocol.o(.text)
    exchangeBytes                            0x080023c5   Thumb Code    22  protocol.o(.text)
    Pro_W2D_Control_DevceHandle              0x080023db   Thumb Code   424  protocol.o(.text)
    Pro_W2D_P0CmdHandle                      0x08002583   Thumb Code    54  protocol.o(.text)
    Log_UART_SendBuf                         0x080025b9   Thumb Code   448  protocol.o(.text)
    Pro_W2D_GetMcuInfo                       0x08002779   Thumb Code   166  protocol.o(.text)
    MessageHandle                            0x0800281f   Thumb Code   194  protocol.o(.text)
    Pro_W2D_WifiStatusHandle                 0x080028e1   Thumb Code   114  protocol.o(.text)
    Pr0_W2D_RequestResetDeviceHandle         0x08002953   Thumb Code    48  protocol.o(.text)
    SystemInit                               0x08002bc9   Thumb Code    70  system_stm32f10x.o(.text)
    Reset_Handler                            0x08002c21   Thumb Code     4  startup_stm32f10x_md.o(.text)
    ADC1_2_IRQHandler                        0x08002c37   Thumb Code     0  startup_stm32f10x_md.o(.text)
    CAN1_RX1_IRQHandler                      0x08002c37   Thumb Code     0  startup_stm32f10x_md.o(.text)
    CAN1_SCE_IRQHandler                      0x08002c37   Thumb Code     0  startup_stm32f10x_md.o(.text)
    DMA1_Channel1_IRQHandler                 0x08002c37   Thumb Code     0  startup_stm32f10x_md.o(.text)
    DMA1_Channel2_IRQHandler                 0x08002c37   Thumb Code     0  startup_stm32f10x_md.o(.text)
    DMA1_Channel3_IRQHandler                 0x08002c37   Thumb Code     0  startup_stm32f10x_md.o(.text)
    DMA1_Channel4_IRQHandler                 0x08002c37   Thumb Code     0  startup_stm32f10x_md.o(.text)
    DMA1_Channel5_IRQHandler                 0x08002c37   Thumb Code     0  startup_stm32f10x_md.o(.text)
    DMA1_Channel6_IRQHandler                 0x08002c37   Thumb Code     0  startup_stm32f10x_md.o(.text)
    DMA1_Channel7_IRQHandler                 0x08002c37   Thumb Code     0  startup_stm32f10x_md.o(.text)
    EXTI0_IRQHandler                         0x08002c37   Thumb Code     0  startup_stm32f10x_md.o(.text)
    EXTI15_10_IRQHandler                     0x08002c37   Thumb Code     0  startup_stm32f10x_md.o(.text)
    EXTI1_IRQHandler                         0x08002c37   Thumb Code     0  startup_stm32f10x_md.o(.text)
    EXTI2_IRQHandler                         0x08002c37   Thumb Code     0  startup_stm32f10x_md.o(.text)
    EXTI3_IRQHandler                         0x08002c37   Thumb Code     0  startup_stm32f10x_md.o(.text)
    EXTI4_IRQHandler                         0x08002c37   Thumb Code     0  startup_stm32f10x_md.o(.text)
    FLASH_IRQHandler                         0x08002c37   Thumb Code     0  startup_stm32f10x_md.o(.text)
    I2C1_ER_IRQHandler                       0x08002c37   Thumb Code     0  startup_stm32f10x_md.o(.text)
    I2C1_EV_IRQHandler                       0x08002c37   Thumb Code     0  startup_stm32f10x_md.o(.text)
    I2C2_ER_IRQHandler                       0x08002c37   Thumb Code     0  startup_stm32f10x_md.o(.text)
    I2C2_EV_IRQHandler                       0x08002c37   Thumb Code     0  startup_stm32f10x_md.o(.text)
    PVD_IRQHandler                           0x08002c37   Thumb Code     0  startup_stm32f10x_md.o(.text)
    RCC_IRQHandler                           0x08002c37   Thumb Code     0  startup_stm32f10x_md.o(.text)
    RTCAlarm_IRQHandler                      0x08002c37   Thumb Code     0  startup_stm32f10x_md.o(.text)
    SPI1_IRQHandler                          0x08002c37   Thumb Code     0  startup_stm32f10x_md.o(.text)
    SPI2_IRQHandler                          0x08002c37   Thumb Code     0  startup_stm32f10x_md.o(.text)
    TAMPER_IRQHandler                        0x08002c37   Thumb Code     0  startup_stm32f10x_md.o(.text)
    TIM1_BRK_IRQHandler                      0x08002c37   Thumb Code     0  startup_stm32f10x_md.o(.text)
    TIM1_CC_IRQHandler                       0x08002c37   Thumb Code     0  startup_stm32f10x_md.o(.text)
    TIM1_TRG_COM_IRQHandler                  0x08002c37   Thumb Code     0  startup_stm32f10x_md.o(.text)
    TIM1_UP_IRQHandler                       0x08002c37   Thumb Code     0  startup_stm32f10x_md.o(.text)
    TIM2_IRQHandler                          0x08002c37   Thumb Code     0  startup_stm32f10x_md.o(.text)
    USBWakeUp_IRQHandler                     0x08002c37   Thumb Code     0  startup_stm32f10x_md.o(.text)
    USB_HP_CAN1_TX_IRQHandler                0x08002c37   Thumb Code     0  startup_stm32f10x_md.o(.text)
    USB_LP_CAN1_RX0_IRQHandler               0x08002c37   Thumb Code     0  startup_stm32f10x_md.o(.text)
    WWDG_IRQHandler                          0x08002c37   Thumb Code     0  startup_stm32f10x_md.o(.text)
    NVIC_PriorityGroupConfig                 0x08002c3d   Thumb Code    10  misc.o(.text)
    NVIC_Init                                0x08002c47   Thumb Code   100  misc.o(.text)
    NVIC_SetVectorTable                      0x08002cab   Thumb Code    14  misc.o(.text)
    NVIC_SystemLPConfig                      0x08002cb9   Thumb Code    34  misc.o(.text)
    SysTick_CLKSourceConfig                  0x08002cdb   Thumb Code    40  misc.o(.text)
    BKP_DeInit                               0x08002d19   Thumb Code    16  stm32f10x_bkp.o(.text)
    BKP_TamperPinLevelConfig                 0x08002d29   Thumb Code     6  stm32f10x_bkp.o(.text)
    BKP_TamperPinCmd                         0x08002d2f   Thumb Code     8  stm32f10x_bkp.o(.text)
    BKP_ITConfig                             0x08002d37   Thumb Code     8  stm32f10x_bkp.o(.text)
    BKP_RTCOutputConfig                      0x08002d3f   Thumb Code    22  stm32f10x_bkp.o(.text)
    BKP_SetRTCCalibrationValue               0x08002d55   Thumb Code    22  stm32f10x_bkp.o(.text)
    BKP_WriteBackupRegister                  0x08002d6b   Thumb Code    24  stm32f10x_bkp.o(.text)
    BKP_ReadBackupRegister                   0x08002d83   Thumb Code    26  stm32f10x_bkp.o(.text)
    BKP_GetFlagStatus                        0x08002d9d   Thumb Code    10  stm32f10x_bkp.o(.text)
    BKP_ClearFlag                            0x08002da7   Thumb Code    18  stm32f10x_bkp.o(.text)
    BKP_GetITStatus                          0x08002db9   Thumb Code    10  stm32f10x_bkp.o(.text)
    BKP_ClearITPendingBit                    0x08002dc3   Thumb Code    18  stm32f10x_bkp.o(.text)
    EXTI_DeInit                              0x08002ddd   Thumb Code    28  stm32f10x_exti.o(.text)
    EXTI_Init                                0x08002df9   Thumb Code   142  stm32f10x_exti.o(.text)
    EXTI_StructInit                          0x08002e87   Thumb Code    16  stm32f10x_exti.o(.text)
    EXTI_GenerateSWInterrupt                 0x08002e97   Thumb Code    16  stm32f10x_exti.o(.text)
    EXTI_GetFlagStatus                       0x08002ea7   Thumb Code    22  stm32f10x_exti.o(.text)
    EXTI_ClearFlag                           0x08002ebd   Thumb Code     8  stm32f10x_exti.o(.text)
    EXTI_GetITStatus                         0x08002ec5   Thumb Code    34  stm32f10x_exti.o(.text)
    EXTI_ClearITPendingBit                   0x08002ee7   Thumb Code     8  stm32f10x_exti.o(.text)
    GPIO_DeInit                              0x08002ef9   Thumb Code   172  stm32f10x_gpio.o(.text)
    GPIO_AFIODeInit                          0x08002fa5   Thumb Code    20  stm32f10x_gpio.o(.text)
    GPIO_Init                                0x08002fb9   Thumb Code   278  stm32f10x_gpio.o(.text)
    GPIO_StructInit                          0x080030cf   Thumb Code    16  stm32f10x_gpio.o(.text)
    GPIO_ReadInputDataBit                    0x080030df   Thumb Code    18  stm32f10x_gpio.o(.text)
    GPIO_ReadInputData                       0x080030f1   Thumb Code     8  stm32f10x_gpio.o(.text)
    GPIO_ReadOutputDataBit                   0x080030f9   Thumb Code    18  stm32f10x_gpio.o(.text)
    GPIO_ReadOutputData                      0x0800310b   Thumb Code     8  stm32f10x_gpio.o(.text)
    GPIO_SetBits                             0x08003113   Thumb Code     4  stm32f10x_gpio.o(.text)
    GPIO_ResetBits                           0x08003117   Thumb Code     4  stm32f10x_gpio.o(.text)
    GPIO_WriteBit                            0x0800311b   Thumb Code    10  stm32f10x_gpio.o(.text)
    GPIO_Write                               0x08003125   Thumb Code     4  stm32f10x_gpio.o(.text)
    GPIO_PinLockConfig                       0x08003129   Thumb Code    18  stm32f10x_gpio.o(.text)
    GPIO_EventOutputConfig                   0x0800313b   Thumb Code    26  stm32f10x_gpio.o(.text)
    GPIO_EventOutputCmd                      0x08003155   Thumb Code     6  stm32f10x_gpio.o(.text)
    GPIO_PinRemapConfig                      0x0800315b   Thumb Code   106  stm32f10x_gpio.o(.text)
    GPIO_EXTILineConfig                      0x080031c5   Thumb Code    66  stm32f10x_gpio.o(.text)
    GPIO_ETH_MediaInterfaceConfig            0x08003207   Thumb Code     8  stm32f10x_gpio.o(.text)
    PWR_DeInit                               0x08003235   Thumb Code    22  stm32f10x_pwr.o(.text)
    PWR_BackupAccessCmd                      0x0800324b   Thumb Code     6  stm32f10x_pwr.o(.text)
    PWR_PVDCmd                               0x08003251   Thumb Code     6  stm32f10x_pwr.o(.text)
    PWR_PVDLevelConfig                       0x08003257   Thumb Code    18  stm32f10x_pwr.o(.text)
    PWR_WakeUpPinCmd                         0x08003269   Thumb Code     8  stm32f10x_pwr.o(.text)
    PWR_EnterSTOPMode                        0x08003271   Thumb Code    42  stm32f10x_pwr.o(.text)
    PWR_EnterSTANDBYMode                     0x0800329b   Thumb Code    42  stm32f10x_pwr.o(.text)
    PWR_GetFlagStatus                        0x080032c5   Thumb Code    20  stm32f10x_pwr.o(.text)
    PWR_ClearFlag                            0x080032d9   Thumb Code    14  stm32f10x_pwr.o(.text)
    RCC_DeInit                               0x080032f5   Thumb Code    64  stm32f10x_rcc.o(.text)
    RCC_HSEConfig                            0x08003335   Thumb Code    70  stm32f10x_rcc.o(.text)
    RCC_GetFlagStatus                        0x0800337b   Thumb Code    56  stm32f10x_rcc.o(.text)
    RCC_WaitForHSEStartUp                    0x080033b3   Thumb Code    56  stm32f10x_rcc.o(.text)
    RCC_AdjustHSICalibrationValue            0x080033eb   Thumb Code    20  stm32f10x_rcc.o(.text)
    RCC_HSICmd                               0x080033ff   Thumb Code     6  stm32f10x_rcc.o(.text)
    RCC_PLLConfig                            0x08003405   Thumb Code    24  stm32f10x_rcc.o(.text)
    RCC_PLLCmd                               0x0800341d   Thumb Code     6  stm32f10x_rcc.o(.text)
    RCC_SYSCLKConfig                         0x08003423   Thumb Code    18  stm32f10x_rcc.o(.text)
    RCC_GetSYSCLKSource                      0x08003435   Thumb Code    10  stm32f10x_rcc.o(.text)
    RCC_HCLKConfig                           0x0800343f   Thumb Code    18  stm32f10x_rcc.o(.text)
    RCC_PCLK1Config                          0x08003451   Thumb Code    18  stm32f10x_rcc.o(.text)
    RCC_PCLK2Config                          0x08003463   Thumb Code    20  stm32f10x_rcc.o(.text)
    RCC_ITConfig                             0x08003477   Thumb Code    26  stm32f10x_rcc.o(.text)
    RCC_USBCLKConfig                         0x08003491   Thumb Code     8  stm32f10x_rcc.o(.text)
    RCC_ADCCLKConfig                         0x08003499   Thumb Code    18  stm32f10x_rcc.o(.text)
    RCC_LSEConfig                            0x080034ab   Thumb Code    50  stm32f10x_rcc.o(.text)
    RCC_LSICmd                               0x080034dd   Thumb Code     6  stm32f10x_rcc.o(.text)
    RCC_RTCCLKConfig                         0x080034e3   Thumb Code    12  stm32f10x_rcc.o(.text)
    RCC_RTCCLKCmd                            0x080034ef   Thumb Code     8  stm32f10x_rcc.o(.text)
    RCC_GetClocksFreq                        0x080034f7   Thumb Code   192  stm32f10x_rcc.o(.text)
    RCC_AHBPeriphClockCmd                    0x080035b7   Thumb Code    26  stm32f10x_rcc.o(.text)
    RCC_APB2PeriphClockCmd                   0x080035d1   Thumb Code    26  stm32f10x_rcc.o(.text)
    RCC_APB1PeriphClockCmd                   0x080035eb   Thumb Code    26  stm32f10x_rcc.o(.text)
    RCC_APB2PeriphResetCmd                   0x08003605   Thumb Code    26  stm32f10x_rcc.o(.text)
    RCC_APB1PeriphResetCmd                   0x0800361f   Thumb Code    26  stm32f10x_rcc.o(.text)
    RCC_BackupResetCmd                       0x08003639   Thumb Code     8  stm32f10x_rcc.o(.text)
    RCC_ClockSecuritySystemCmd               0x08003641   Thumb Code     6  stm32f10x_rcc.o(.text)
    RCC_MCOConfig                            0x08003647   Thumb Code     6  stm32f10x_rcc.o(.text)
    RCC_ClearFlag                            0x0800364d   Thumb Code    14  stm32f10x_rcc.o(.text)
    RCC_GetITStatus                          0x0800365b   Thumb Code    20  stm32f10x_rcc.o(.text)
    RCC_ClearITPendingBit                    0x0800366f   Thumb Code     6  stm32f10x_rcc.o(.text)
    RTC_ITConfig                             0x08003699   Thumb Code    26  stm32f10x_rtc.o(.text)
    RTC_EnterConfigMode                      0x080036b3   Thumb Code    18  stm32f10x_rtc.o(.text)
    RTC_ExitConfigMode                       0x080036c5   Thumb Code    20  stm32f10x_rtc.o(.text)
    RTC_GetCounter                           0x080036d9   Thumb Code    18  stm32f10x_rtc.o(.text)
    RTC_SetCounter                           0x080036eb   Thumb Code    26  stm32f10x_rtc.o(.text)
    RTC_SetPrescaler                         0x08003705   Thumb Code    28  stm32f10x_rtc.o(.text)
    RTC_SetAlarm                             0x08003721   Thumb Code    26  stm32f10x_rtc.o(.text)
    RTC_GetDivider                           0x0800373b   Thumb Code    22  stm32f10x_rtc.o(.text)
    RTC_WaitForLastTask                      0x08003751   Thumb Code    18  stm32f10x_rtc.o(.text)
    RTC_WaitForSynchro                       0x08003763   Thumb Code    36  stm32f10x_rtc.o(.text)
    RTC_GetFlagStatus                        0x08003787   Thumb Code    22  stm32f10x_rtc.o(.text)
    RTC_ClearFlag                            0x0800379d   Thumb Code    16  stm32f10x_rtc.o(.text)
    RTC_GetITStatus                          0x080037ad   Thumb Code    32  stm32f10x_rtc.o(.text)
    RTC_ClearITPendingBit                    0x080037cd   Thumb Code    16  stm32f10x_rtc.o(.text)
    SPI_I2S_DeInit                           0x080037e1   Thumb Code    76  stm32f10x_spi.o(.text)
    SPI_Init                                 0x0800382d   Thumb Code    60  stm32f10x_spi.o(.text)
    I2S_Init                                 0x08003869   Thumb Code   226  stm32f10x_spi.o(.text)
    SPI_StructInit                           0x0800394b   Thumb Code    24  stm32f10x_spi.o(.text)
    I2S_StructInit                           0x08003963   Thumb Code    20  stm32f10x_spi.o(.text)
    SPI_Cmd                                  0x08003977   Thumb Code    24  stm32f10x_spi.o(.text)
    I2S_Cmd                                  0x0800398f   Thumb Code    24  stm32f10x_spi.o(.text)
    SPI_I2S_ITConfig                         0x080039a7   Thumb Code    32  stm32f10x_spi.o(.text)
    SPI_I2S_DMACmd                           0x080039c7   Thumb Code    18  stm32f10x_spi.o(.text)
    SPI_I2S_SendData                         0x080039d9   Thumb Code     4  stm32f10x_spi.o(.text)
    SPI_I2S_ReceiveData                      0x080039dd   Thumb Code     6  stm32f10x_spi.o(.text)
    SPI_NSSInternalSoftwareConfig            0x080039e3   Thumb Code    30  stm32f10x_spi.o(.text)
    SPI_SSOutputCmd                          0x08003a01   Thumb Code    24  stm32f10x_spi.o(.text)
    SPI_DataSizeConfig                       0x08003a19   Thumb Code    18  stm32f10x_spi.o(.text)
    SPI_TransmitCRC                          0x08003a2b   Thumb Code    10  stm32f10x_spi.o(.text)
    SPI_CalculateCRC                         0x08003a35   Thumb Code    24  stm32f10x_spi.o(.text)
    SPI_GetCRC                               0x08003a4d   Thumb Code    16  stm32f10x_spi.o(.text)
    SPI_GetCRCPolynomial                     0x08003a5d   Thumb Code     6  stm32f10x_spi.o(.text)
    SPI_BiDirectionalLineConfig              0x08003a63   Thumb Code    28  stm32f10x_spi.o(.text)
    SPI_I2S_GetFlagStatus                    0x08003a7f   Thumb Code    18  stm32f10x_spi.o(.text)
    SPI_I2S_ClearFlag                        0x08003a91   Thumb Code     6  stm32f10x_spi.o(.text)
    SPI_I2S_GetITStatus                      0x08003a97   Thumb Code    52  stm32f10x_spi.o(.text)
    SPI_I2S_ClearITPendingBit                0x08003acb   Thumb Code    20  stm32f10x_spi.o(.text)
    TIM_DeInit                               0x08003aed   Thumb Code   196  stm32f10x_tim.o(.text)
    TIM_TimeBaseInit                         0x08003bb1   Thumb Code    50  stm32f10x_tim.o(.text)
    TIM_OC1Init                              0x08003be3   Thumb Code   110  stm32f10x_tim.o(.text)
    TIM_OC2Init                              0x08003c51   Thumb Code   148  stm32f10x_tim.o(.text)
    TIM_OC3Init                              0x08003ce5   Thumb Code   144  stm32f10x_tim.o(.text)
    TIM_OC4Init                              0x08003d75   Thumb Code   106  stm32f10x_tim.o(.text)
    TIM_SetIC4Prescaler                      0x08003ddf   Thumb Code    26  stm32f10x_tim.o(.text)
    TIM_SetIC3Prescaler                      0x08003e49   Thumb Code    18  stm32f10x_tim.o(.text)
    TIM_SetIC2Prescaler                      0x08003ea3   Thumb Code    26  stm32f10x_tim.o(.text)
    TIM_SetIC1Prescaler                      0x08003f2b   Thumb Code    18  stm32f10x_tim.o(.text)
    TIM_ICInit                               0x08003f75   Thumb Code   110  stm32f10x_tim.o(.text)
    TIM_PWMIConfig                           0x08003fe3   Thumb Code   124  stm32f10x_tim.o(.text)
    TIM_BDTRConfig                           0x0800405f   Thumb Code    32  stm32f10x_tim.o(.text)
    TIM_TimeBaseStructInit                   0x0800407f   Thumb Code    18  stm32f10x_tim.o(.text)
    TIM_OCStructInit                         0x08004091   Thumb Code    20  stm32f10x_tim.o(.text)
    TIM_ICStructInit                         0x080040a5   Thumb Code    18  stm32f10x_tim.o(.text)
    TIM_BDTRStructInit                       0x080040b7   Thumb Code    18  stm32f10x_tim.o(.text)
    TIM_Cmd                                  0x080040c9   Thumb Code    24  stm32f10x_tim.o(.text)
    TIM_CtrlPWMOutputs                       0x080040e1   Thumb Code    30  stm32f10x_tim.o(.text)
    TIM_ITConfig                             0x080040ff   Thumb Code    18  stm32f10x_tim.o(.text)
    TIM_GenerateEvent                        0x08004111   Thumb Code     4  stm32f10x_tim.o(.text)
    TIM_DMAConfig                            0x08004115   Thumb Code    10  stm32f10x_tim.o(.text)
    TIM_DMACmd                               0x0800411f   Thumb Code    18  stm32f10x_tim.o(.text)
    TIM_InternalClockConfig                  0x08004131   Thumb Code    12  stm32f10x_tim.o(.text)
    TIM_SelectInputTrigger                   0x0800413d   Thumb Code    18  stm32f10x_tim.o(.text)
    TIM_ITRxExternalClockConfig              0x0800414f   Thumb Code    24  stm32f10x_tim.o(.text)
    TIM_TIxExternalClockConfig               0x08004167   Thumb Code    62  stm32f10x_tim.o(.text)
    TIM_ETRConfig                            0x080041a5   Thumb Code    28  stm32f10x_tim.o(.text)
    TIM_ETRClockMode1Config                  0x080041c1   Thumb Code    54  stm32f10x_tim.o(.text)
    TIM_ETRClockMode2Config                  0x080041f7   Thumb Code    32  stm32f10x_tim.o(.text)
    TIM_PrescalerConfig                      0x08004217   Thumb Code     6  stm32f10x_tim.o(.text)
    TIM_CounterModeConfig                    0x0800421d   Thumb Code    18  stm32f10x_tim.o(.text)
    TIM_EncoderInterfaceConfig               0x0800422f   Thumb Code    66  stm32f10x_tim.o(.text)
    TIM_ForcedOC1Config                      0x08004271   Thumb Code    18  stm32f10x_tim.o(.text)
    TIM_ForcedOC2Config                      0x08004283   Thumb Code    26  stm32f10x_tim.o(.text)
    TIM_ForcedOC3Config                      0x0800429d   Thumb Code    18  stm32f10x_tim.o(.text)
    TIM_ForcedOC4Config                      0x080042af   Thumb Code    26  stm32f10x_tim.o(.text)
    TIM_ARRPreloadConfig                     0x080042c9   Thumb Code    24  stm32f10x_tim.o(.text)
    TIM_SelectCOM                            0x080042e1   Thumb Code    24  stm32f10x_tim.o(.text)
    TIM_SelectCCDMA                          0x080042f9   Thumb Code    24  stm32f10x_tim.o(.text)
    TIM_CCPreloadControl                     0x08004311   Thumb Code    24  stm32f10x_tim.o(.text)
    TIM_OC1PreloadConfig                     0x08004329   Thumb Code    18  stm32f10x_tim.o(.text)
    TIM_OC2PreloadConfig                     0x0800433b   Thumb Code    26  stm32f10x_tim.o(.text)
    TIM_OC3PreloadConfig                     0x08004355   Thumb Code    18  stm32f10x_tim.o(.text)
    TIM_OC4PreloadConfig                     0x08004367   Thumb Code    26  stm32f10x_tim.o(.text)
    TIM_OC1FastConfig                        0x08004381   Thumb Code    18  stm32f10x_tim.o(.text)
    TIM_OC2FastConfig                        0x08004393   Thumb Code    26  stm32f10x_tim.o(.text)
    TIM_OC3FastConfig                        0x080043ad   Thumb Code    18  stm32f10x_tim.o(.text)
    TIM_OC4FastConfig                        0x080043bf   Thumb Code    26  stm32f10x_tim.o(.text)
    TIM_ClearOC1Ref                          0x080043d9   Thumb Code    18  stm32f10x_tim.o(.text)
    TIM_ClearOC2Ref                          0x080043eb   Thumb Code    24  stm32f10x_tim.o(.text)
    TIM_ClearOC3Ref                          0x08004403   Thumb Code    18  stm32f10x_tim.o(.text)
    TIM_ClearOC4Ref                          0x08004415   Thumb Code    24  stm32f10x_tim.o(.text)
    TIM_OC1PolarityConfig                    0x0800442d   Thumb Code    18  stm32f10x_tim.o(.text)
    TIM_OC1NPolarityConfig                   0x0800443f   Thumb Code    18  stm32f10x_tim.o(.text)
    TIM_OC2PolarityConfig                    0x08004451   Thumb Code    26  stm32f10x_tim.o(.text)
    TIM_OC2NPolarityConfig                   0x0800446b   Thumb Code    26  stm32f10x_tim.o(.text)
    TIM_OC3PolarityConfig                    0x08004485   Thumb Code    26  stm32f10x_tim.o(.text)
    TIM_OC3NPolarityConfig                   0x0800449f   Thumb Code    26  stm32f10x_tim.o(.text)
    TIM_OC4PolarityConfig                    0x080044b9   Thumb Code    26  stm32f10x_tim.o(.text)
    TIM_CCxCmd                               0x080044d3   Thumb Code    30  stm32f10x_tim.o(.text)
    TIM_CCxNCmd                              0x080044f1   Thumb Code    30  stm32f10x_tim.o(.text)
    TIM_SelectOCxM                           0x0800450f   Thumb Code    86  stm32f10x_tim.o(.text)
    TIM_UpdateDisableConfig                  0x08004565   Thumb Code    24  stm32f10x_tim.o(.text)
    TIM_UpdateRequestConfig                  0x0800457d   Thumb Code    24  stm32f10x_tim.o(.text)
    TIM_SelectHallSensor                     0x08004595   Thumb Code    24  stm32f10x_tim.o(.text)
    TIM_SelectOnePulseMode                   0x080045ad   Thumb Code    18  stm32f10x_tim.o(.text)
    TIM_SelectOutputTrigger                  0x080045bf   Thumb Code    18  stm32f10x_tim.o(.text)
    TIM_SelectSlaveMode                      0x080045d1   Thumb Code    18  stm32f10x_tim.o(.text)
    TIM_SelectMasterSlaveMode                0x080045e3   Thumb Code    18  stm32f10x_tim.o(.text)
    TIM_SetCounter                           0x080045f5   Thumb Code     4  stm32f10x_tim.o(.text)
    TIM_SetAutoreload                        0x080045f9   Thumb Code     4  stm32f10x_tim.o(.text)
    TIM_SetCompare1                          0x080045fd   Thumb Code     4  stm32f10x_tim.o(.text)
    TIM_SetCompare2                          0x08004601   Thumb Code     4  stm32f10x_tim.o(.text)
    TIM_SetCompare3                          0x08004605   Thumb Code     4  stm32f10x_tim.o(.text)
    TIM_SetCompare4                          0x08004609   Thumb Code     6  stm32f10x_tim.o(.text)
    TIM_SetClockDivision                     0x0800460f   Thumb Code    14  stm32f10x_tim.o(.text)
    TIM_GetCapture1                          0x0800461d   Thumb Code     6  stm32f10x_tim.o(.text)
    TIM_GetCapture2                          0x08004623   Thumb Code     6  stm32f10x_tim.o(.text)
    TIM_GetCapture3                          0x08004629   Thumb Code     6  stm32f10x_tim.o(.text)
    TIM_GetCapture4                          0x0800462f   Thumb Code     8  stm32f10x_tim.o(.text)
    TIM_GetCounter                           0x08004637   Thumb Code     6  stm32f10x_tim.o(.text)
    TIM_GetPrescaler                         0x0800463d   Thumb Code     6  stm32f10x_tim.o(.text)
    TIM_GetFlagStatus                        0x08004643   Thumb Code    18  stm32f10x_tim.o(.text)
    TIM_ClearFlag                            0x08004655   Thumb Code     6  stm32f10x_tim.o(.text)
    TIM_GetITStatus                          0x0800465b   Thumb Code    34  stm32f10x_tim.o(.text)
    TIM_ClearITPendingBit                    0x0800467d   Thumb Code     6  stm32f10x_tim.o(.text)
    USART_DeInit                             0x08004685   Thumb Code   134  stm32f10x_usart.o(.text)
    USART_Init                               0x0800470b   Thumb Code   156  stm32f10x_usart.o(.text)
    USART_StructInit                         0x080047a7   Thumb Code    24  stm32f10x_usart.o(.text)
    USART_ClockInit                          0x080047bf   Thumb Code    34  stm32f10x_usart.o(.text)
    USART_ClockStructInit                    0x080047e1   Thumb Code    12  stm32f10x_usart.o(.text)
    USART_Cmd                                0x080047ed   Thumb Code    24  stm32f10x_usart.o(.text)
    USART_ITConfig                           0x08004805   Thumb Code    74  stm32f10x_usart.o(.text)
    USART_DMACmd                             0x0800484f   Thumb Code    18  stm32f10x_usart.o(.text)
    USART_SetAddress                         0x08004861   Thumb Code    18  stm32f10x_usart.o(.text)
    USART_WakeUpConfig                       0x08004873   Thumb Code    18  stm32f10x_usart.o(.text)
    USART_ReceiverWakeUpCmd                  0x08004885   Thumb Code    24  stm32f10x_usart.o(.text)
    USART_LINBreakDetectLengthConfig         0x0800489d   Thumb Code    18  stm32f10x_usart.o(.text)
    USART_LINCmd                             0x080048af   Thumb Code    24  stm32f10x_usart.o(.text)
    USART_SendData                           0x080048c7   Thumb Code     8  stm32f10x_usart.o(.text)
    USART_ReceiveData                        0x080048cf   Thumb Code    10  stm32f10x_usart.o(.text)
    USART_SendBreak                          0x080048d9   Thumb Code    10  stm32f10x_usart.o(.text)
    USART_SetGuardTime                       0x080048e3   Thumb Code    16  stm32f10x_usart.o(.text)
    USART_SetPrescaler                       0x080048f3   Thumb Code    16  stm32f10x_usart.o(.text)
    USART_SmartCardCmd                       0x08004903   Thumb Code    24  stm32f10x_usart.o(.text)
    USART_SmartCardNACKCmd                   0x0800491b   Thumb Code    24  stm32f10x_usart.o(.text)
    USART_HalfDuplexCmd                      0x08004933   Thumb Code    24  stm32f10x_usart.o(.text)
    USART_IrDAConfig                         0x0800494b   Thumb Code    18  stm32f10x_usart.o(.text)
    USART_IrDACmd                            0x0800495d   Thumb Code    24  stm32f10x_usart.o(.text)
    USART_GetFlagStatus                      0x08004975   Thumb Code    26  stm32f10x_usart.o(.text)
    USART_ClearFlag                          0x0800498f   Thumb Code    18  stm32f10x_usart.o(.text)
    USART_GetITStatus                        0x080049a1   Thumb Code    84  stm32f10x_usart.o(.text)
    USART_ClearITPendingBit                  0x080049f5   Thumb Code    30  stm32f10x_usart.o(.text)
    mktime                                   0x08004a29   Thumb Code   150  mktime.o(.text)
    __aeabi_memcpy                           0x08004ad1   Thumb Code    36  memcpya.o(.text)
    __aeabi_memcpy4                          0x08004ad1   Thumb Code     0  memcpya.o(.text)
    __aeabi_memcpy8                          0x08004ad1   Thumb Code     0  memcpya.o(.text)
    __aeabi_memset                           0x08004af5   Thumb Code    14  memseta.o(.text)
    __aeabi_memset4                          0x08004af5   Thumb Code     0  memseta.o(.text)
    __aeabi_memset8                          0x08004af5   Thumb Code     0  memseta.o(.text)
    __aeabi_memclr                           0x08004b03   Thumb Code     4  memseta.o(.text)
    __aeabi_memclr4                          0x08004b03   Thumb Code     0  memseta.o(.text)
    __aeabi_memclr8                          0x08004b03   Thumb Code     0  memseta.o(.text)
    _memset$wrapper                          0x08004b07   Thumb Code    18  memseta.o(.text)
    memcmp                                   0x08004b19   Thumb Code    26  memcmp.o(.text)
    __aeabi_uldivmod                         0x08004b33   Thumb Code    98  uldiv.o(.text)
    localtime                                0x08004b95   Thumb Code     6  localtime_w.o(.text)
    _localtime                               0x08004ba1   Thumb Code   134  localtime_i.o(.text)
    __scatterload                            0x08004c2d   Thumb Code    28  init.o(.text)
    __scatterload_rt2                        0x08004c2d   Thumb Code     0  init.o(.text)
    __aeabi_llsl                             0x08004c51   Thumb Code    30  llshl.o(.text)
    _ll_shift_l                              0x08004c51   Thumb Code     0  llshl.o(.text)
    __aeabi_llsr                             0x08004c6f   Thumb Code    32  llushr.o(.text)
    _ll_ushift_r                             0x08004c6f   Thumb Code     0  llushr.o(.text)
    __0printf$8                              0x08004c91   Thumb Code    22  printf8.o(i.__0printf$8)
    __1printf$8                              0x08004c91   Thumb Code     0  printf8.o(i.__0printf$8)
    __2printf                                0x08004c91   Thumb Code     0  printf8.o(i.__0printf$8)
    __scatterload_copy                       0x08004cb1   Thumb Code    14  handlers.o(i.__scatterload_copy)
    __scatterload_null                       0x08004cbf   Thumb Code     2  handlers.o(i.__scatterload_null)
    __scatterload_zeroinit                   0x08004cc1   Thumb Code    14  handlers.o(i.__scatterload_zeroinit)
    OLED_Asc2_1206                           0x08005132   Data        1140  asciilib.o(.constdata)
    OLED_Asc2_1608                           0x080055a6   Data        1520  asciilib.o(.constdata)
    OLED_Asc2_Hzk                            0x08005b96   Data         448  asciilib.o(.constdata)
    BMP1                                     0x08005d56   Data        1024  asciilib.o(.constdata)
    Region$$Table$$Base                      0x08006214   Number         0  anon$$obj.o(Region$$Table)
    Region$$Table$$Limit                     0x08006234   Number         0  anon$$obj.o(Region$$Table)
    Wait_AckStruct                           0x20000000   Data           2  main.o(.data)
    Device_WirteStruct                       0x20000002   Data           6  main.o(.data)
    Device_ReadStruct                        0x20000008   Data           3  main.o(.data)
    KEY_Status                               0x2000000b   Data           3  main.o(.data)
    SN                                       0x2000000e   Data           1  main.o(.data)
    SystemTimeCount                          0x20000010   Data           4  main.o(.data)
    ReportTimeCount                          0x20000014   Data           4  main.o(.data)
    Set_LedStatus                            0x20000018   Data           1  main.o(.data)
    __stdout                                 0x20000020   Data           4  hal_uart.o(.data)
    KeyCountTime                             0x20000024   Data           1  hal_key.o(.data)
    UART_HandleStruct                        0x20000040   Data         519  main.o(.bss)
    Pro_M2W_ReturnInfoStruct                 0x20000247   Data          75  main.o(.bss)
    Pro_CommonCmdStruct                      0x20000292   Data           9  main.o(.bss)
    Pro_W2D_WifiStatusStruct                 0x2000029b   Data          11  main.o(.bss)
    Pro_M2WResetCmdStruct                    0x200002a6   Data           9  main.o(.bss)
    Pro_D2WConfigCmdStruct                   0x200002af   Data          10  main.o(.bss)
    Pro_D2W_ReportStatusStruct               0x200002b9   Data          21  main.o(.bss)
    OLED_GRAM                                0x200002ce   Data        1024  hal_oled.o(.bss)
    __initial_sp                             0x20000b00   Data           0  startup_stm32f10x_md.o(STACK)



==============================================================================

Memory Map of the image

  Image Entry point : 0x080000ed

  Load Region LR_IROM1 (Base: 0x08000000, Size: 0x00006274, Max: 0x00020000, ABSOLUTE)

    Execution Region ER_IROM1 (Base: 0x08000000, Size: 0x00006234, Max: 0x00020000, ABSOLUTE)

    Base Addr    Size         Type   Attr      Idx    E Section Name        Object

    0x08000000   0x000000ec   Data   RO          375    RESET               startup_stm32f10x_md.o
    0x080000ec   0x00000000   Code   RO          679  * .ARM.Collect$$$$00000000  mc_w.l(entry.o)
    0x080000ec   0x00000004   Code   RO          958    .ARM.Collect$$$$00000001  mc_w.l(entry2.o)
    0x080000f0   0x00000004   Code   RO          961    .ARM.Collect$$$$00000004  mc_w.l(entry5.o)
    0x080000f4   0x00000000   Code   RO          963    .ARM.Collect$$$$00000008  mc_w.l(entry7b.o)
    0x080000f4   0x00000000   Code   RO          965    .ARM.Collect$$$$0000000A  mc_w.l(entry8b.o)
    0x080000f4   0x00000008   Code   RO          966    .ARM.Collect$$$$0000000B  mc_w.l(entry9a.o)
    0x080000fc   0x00000000   Code   RO          968    .ARM.Collect$$$$0000000D  mc_w.l(entry10a.o)
    0x080000fc   0x00000000   Code   RO          970    .ARM.Collect$$$$0000000F  mc_w.l(entry11a.o)
    0x080000fc   0x00000004   Code   RO          959    .ARM.Collect$$$$00002712  mc_w.l(entry2.o)
    0x08000100   0x00000020   Code   RO          344    .emb_text           core_cm3.o
    0x08000120   0x0000060c   Code   RO            1    .text               main.o
    0x0800072c   0x000002b4   Code   RO          128    .text               stm32f10x_it.o
    0x080009e0   0x000000cc   Code   RO          144    .text               delay.o
    0x08000aac   0x000002ac   Code   RO          170    .text               rtc.o
    0x08000d58   0x00000144   Code   RO          182    .text               hal_rgb_led.o
    0x08000e9c   0x00000290   Code   RO          194    .text               hal_uart.o
    0x0800112c   0x000003ec   Code   RO          213    .text               hal_key.o
    0x08001518   0x0000010c   Code   RO          229    .text               hal_led.o
    0x08001624   0x00000128   Code   RO          241    .text               hal_motor.o
    0x0800174c   0x000001ac   Code   RO          253    .text               hal_temp_hum.o
    0x080018f8   0x0000031c   Code   RO          265    .text               hal_infrared.o
    0x08001c14   0x000005b0   Code   RO          278    .text               hal_oled.o
    0x080021c4   0x00000920   Code   RO          328    .text               protocol.o
    0x08002ae4   0x0000013c   Code   RO          355    .text               system_stm32f10x.o
    0x08002c20   0x0000001c   Code   RO          376    .text               startup_stm32f10x_md.o
    0x08002c3c   0x000000dc   Code   RO          380    .text               misc.o
    0x08002d18   0x000000c4   Code   RO          407    .text               stm32f10x_bkp.o
    0x08002ddc   0x0000011c   Code   RO          491    .text               stm32f10x_exti.o
    0x08002ef8   0x0000033c   Code   RO          533    .text               stm32f10x_gpio.o
    0x08003234   0x000000c0   Code   RO          575    .text               stm32f10x_pwr.o
    0x080032f4   0x000003a4   Code   RO          587    .text               stm32f10x_rcc.o
    0x08003698   0x00000148   Code   RO          601    .text               stm32f10x_rtc.o
    0x080037e0   0x0000030c   Code   RO          628    .text               stm32f10x_spi.o
    0x08003aec   0x00000b96   Code   RO          640    .text               stm32f10x_tim.o
    0x08004682   0x00000002   PAD
    0x08004684   0x000003a4   Code   RO          652    .text               stm32f10x_usart.o
    0x08004a28   0x000000a8   Code   RO          686    .text               mc_w.l(mktime.o)
    0x08004ad0   0x00000024   Code   RO          689    .text               mc_w.l(memcpya.o)
    0x08004af4   0x00000024   Code   RO          691    .text               mc_w.l(memseta.o)
    0x08004b18   0x0000001a   Code   RO          693    .text               mc_w.l(memcmp.o)
    0x08004b32   0x00000062   Code   RO          974    .text               mc_w.l(uldiv.o)
    0x08004b94   0x0000000c   Code   RO          976    .text               mc_w.l(localtime_w.o)
    0x08004ba0   0x0000008c   Code   RO          979    .text               mc_w.l(localtime_i.o)
    0x08004c2c   0x00000024   Code   RO          993    .text               mc_w.l(init.o)
    0x08004c50   0x0000001e   Code   RO          995    .text               mc_w.l(llshl.o)
    0x08004c6e   0x00000020   Code   RO          997    .text               mc_w.l(llushr.o)
    0x08004c8e   0x00000002   PAD
    0x08004c90   0x00000020   Code   RO          904    i.__0printf$8       mc_w.l(printf8.o)
    0x08004cb0   0x0000000e   Code   RO         1005    i.__scatterload_copy  mc_w.l(handlers.o)
    0x08004cbe   0x00000002   Code   RO         1006    i.__scatterload_null  mc_w.l(handlers.o)
    0x08004cc0   0x0000000e   Code   RO         1007    i.__scatterload_zeroinit  mc_w.l(handlers.o)
    0x08004cce   0x00000002   PAD
    0x08004cd0   0x00000410   Code   RO          911    i._printf_core      mc_w.l(printf8.o)
    0x080050e0   0x00000024   Code   RO          912    i._printf_post_padding  mc_w.l(printf8.o)
    0x08005104   0x0000002e   Code   RO          913    i._printf_pre_padding  mc_w.l(printf8.o)
    0x08005132   0x00001024   Data   RO          301    .constdata          asciilib.o
    0x08006156   0x0000000c   Data   RO          687    .constdata          mc_w.l(mktime.o)
    0x08006162   0x0000000c   Data   RO          980    .constdata          mc_w.l(localtime_i.o)
    0x0800616e   0x00000002   PAD
    0x08006170   0x000000a4   Data   RO            3    .conststring        main.o
    0x08006214   0x00000020   Data   RO         1003    Region$$Table       anon$$obj.o


    Execution Region RW_IRAM1 (Base: 0x20000000, Size: 0x00000b00, Max: 0x00005000, ABSOLUTE)

    Base Addr    Size         Type   Attr      Idx    E Section Name        Object

    0x20000000   0x00000019   Data   RW            4    .data               main.o
    0x20000019   0x00000001   PAD
    0x2000001a   0x00000004   Data   RW          145    .data               delay.o
    0x2000001e   0x00000002   PAD
    0x20000020   0x00000004   Data   RW          195    .data               hal_uart.o
    0x20000024   0x00000007   Data   RW          214    .data               hal_key.o
    0x2000002b   0x00000014   Data   RW          588    .data               stm32f10x_rcc.o
    0x2000003f   0x00000001   PAD
    0x20000040   0x0000028e   Zero   RW            2    .bss                main.o
    0x200002ce   0x00000400   Zero   RW          279    .bss                hal_oled.o
    0x200006ce   0x00000002   PAD
    0x200006d0   0x0000002c   Zero   RW          977    .bss                mc_w.l(localtime_w.o)
    0x200006fc   0x00000004   PAD
    0x20000700   0x00000400   Zero   RW          373    STACK               startup_stm32f10x_md.o


==============================================================================

Image component sizes


      Code (inc. data)   RO Data    RW Data    ZI Data      Debug   Object Name

         0          0       4132          0          0        695   asciilib.o
        32          0          0          0          0        528   core_cm3.o
       204         10          0          4          0       1107   delay.o
       796         38          0          0          0       1759   hal_infrared.o
      1004        238          0          7          0       2168   hal_key.o
       268          4          0          0          0        879   hal_led.o
       296         22          0          0          0       1370   hal_motor.o
      1456         30          0          0       1024       4829   hal_oled.o
       324          6          0          0          0       1940   hal_rgb_led.o
       428         16          0          0          0       2118   hal_temp_hum.o
       656         26          0          4          0       3721   hal_uart.o
      1548        720        164         25        654     259178   main.o
       220         22          0          0          0       1653   misc.o
      2336        760          0          0          0       9440   protocol.o
       684        190          0          0          0       2596   rtc.o
        28          4        236          0       1024        768   startup_stm32f10x_md.o
       196          8          0          0          0       3384   stm32f10x_bkp.o
       284         10          0          0          0       2083   stm32f10x_exti.o
       828         38          0          0          0       5405   stm32f10x_gpio.o
       692        102          0          0          0       2342   stm32f10x_it.o
       192         14          0          0          0       1863   stm32f10x_pwr.o
       932         36          0         20          0       8612   stm32f10x_rcc.o
       328          4          0          0          0       2602   stm32f10x_rtc.o
       780         14          0          0          0       6378   stm32f10x_spi.o
      2966         28          0          0          0      23920   stm32f10x_tim.o
       932         22          0          0          0       7707   stm32f10x_usart.o
       316         18          0          0          0       1109   system_stm32f10x.o

    ----------------------------------------------------------------------
     18728       2380       4564         64       2704     360154   Object Totals
         0          0         32          0          0          0   (incl. Generated)
         2          0          0          4          2          0   (incl. Padding)

    ----------------------------------------------------------------------

      Code (inc. data)   RO Data    RW Data    ZI Data      Debug   Library Member Name

         0          0          0          0          0          0   entry.o
         0          0          0          0          0          0   entry10a.o
         0          0          0          0          0          0   entry11a.o
         8          4          0          0          0          0   entry2.o
         4          0          0          0          0          0   entry5.o
         0          0          0          0          0          0   entry7b.o
         0          0          0          0          0          0   entry8b.o
         8          4          0          0          0          0   entry9a.o
        30          0          0          0          0          0   handlers.o
        36          8          0          0          0         68   init.o
        30          0          0          0          0         68   llshl.o
        32          0          0          0          0         68   llushr.o
       140          6         12          0          0         76   localtime_i.o
        12          6          0          0         44         68   localtime_w.o
        26          0          0          0          0         80   memcmp.o
        36          0          0          0          0         68   memcpya.o
        36          0          0          0          0        108   memseta.o
       168         18         12          0          0         80   mktime.o
      1154         54          0          0          0        352   printf8.o
        98          0          0          0          0         92   uldiv.o

    ----------------------------------------------------------------------
      1822        100         26          0         48       1128   Library Totals
         4          0          2          0          4          0   (incl. Padding)

    ----------------------------------------------------------------------

      Code (inc. data)   RO Data    RW Data    ZI Data      Debug   Library Name

      1818        100         24          0         44       1128   mc_w.l

    ----------------------------------------------------------------------
      1822        100         26          0         48       1128   Library Totals

    ----------------------------------------------------------------------

==============================================================================


      Code (inc. data)   RO Data    RW Data    ZI Data      Debug   

     20550       2480       4590         64       2752     358418   Grand Totals
     20550       2480       4590         64       2752     358418   ELF Image Totals
     20550       2480       4590         64          0          0   ROM Totals

==============================================================================

    Total RO  Size (Code + RO Data)                25140 (  24.55kB)
    Total RW  Size (RW Data + ZI Data)              2816 (   2.75kB)
    Total ROM Size (Code + RO Data + RW Data)      25204 (  24.61kB)

==============================================================================

